Component: ARM Compiler 5.06 update 6 (build 750) Tool: armlink [4d35ed]

==============================================================================

Section Cross References

    startup_stm32f103xb.o(RESET) refers to startup_stm32f103xb.o(STACK) for __initial_sp
    startup_stm32f103xb.o(RESET) refers to startup_stm32f103xb.o(.text) for Reset_Handler
    startup_stm32f103xb.o(RESET) refers to stm32f1xx_it.o(i.NMI_Handler) for NMI_Handler
    startup_stm32f103xb.o(RESET) refers to stm32f1xx_it.o(i.HardFault_Handler) for HardFault_Handler
    startup_stm32f103xb.o(RESET) refers to stm32f1xx_it.o(i.MemManage_Handler) for MemManage_Handler
    startup_stm32f103xb.o(RESET) refers to stm32f1xx_it.o(i.BusFault_Handler) for BusFault_Handler
    startup_stm32f103xb.o(RESET) refers to stm32f1xx_it.o(i.UsageFault_Handler) for UsageFault_Handler
    startup_stm32f103xb.o(RESET) refers to stm32f1xx_it.o(i.SVC_Handler) for SVC_Handler
    startup_stm32f103xb.o(RESET) refers to stm32f1xx_it.o(i.DebugMon_Handler) for DebugMon_Handler
    startup_stm32f103xb.o(RESET) refers to stm32f1xx_it.o(i.PendSV_Handler) for PendSV_Handler
    startup_stm32f103xb.o(RESET) refers to stm32f1xx_it.o(i.SysTick_Handler) for SysTick_Handler
    startup_stm32f103xb.o(RESET) refers to stm32f1xx_it.o(i.TIM3_IRQHandler) for TIM3_IRQHandler
    startup_stm32f103xb.o(RESET) refers to stm32f1xx_it.o(i.USART3_IRQHandler) for USART3_IRQHandler
    startup_stm32f103xb.o(.text) refers to system_stm32f1xx.o(i.SystemInit) for SystemInit
    startup_stm32f103xb.o(.text) refers to entry.o(.ARM.Collect$$$$00000000) for __main
    mpu6050.o(i.MPU_Get_Accelerometer) refers to mpu6050.o(i.MPU_Read_Len) for MPU_Read_Len
    mpu6050.o(i.MPU_Get_Gyroscope) refers to mpu6050.o(i.MPU_Read_Len) for MPU_Read_Len
    mpu6050.o(i.MPU_Get_Temperature) refers to mpu6050.o(i.MPU_Read_Len) for MPU_Read_Len
    mpu6050.o(i.MPU_Get_Temperature) refers to dflti.o(.text) for __aeabi_i2d
    mpu6050.o(i.MPU_Get_Temperature) refers to ddiv.o(.text) for __aeabi_ddiv
    mpu6050.o(i.MPU_Get_Temperature) refers to dadd.o(.text) for __aeabi_dadd
    mpu6050.o(i.MPU_Get_Temperature) refers to d2f.o(.text) for __aeabi_d2f
    mpu6050.o(i.MPU_Get_Temperature) refers to fmul.o(.text) for __aeabi_fmul
    mpu6050.o(i.MPU_Get_Temperature) refers to ffixi.o(.text) for __aeabi_f2iz
    mpu6050.o(i.MPU_Init) refers to myiic.o(i.IIC_Init) for IIC_Init
    mpu6050.o(i.MPU_Init) refers to mpu6050.o(i.MPU_Write_Byte) for MPU_Write_Byte
    mpu6050.o(i.MPU_Init) refers to delay.o(i.delay_ms) for delay_ms
    mpu6050.o(i.MPU_Init) refers to mpu6050.o(i.MPU_Set_Gyro_Fsr) for MPU_Set_Gyro_Fsr
    mpu6050.o(i.MPU_Init) refers to mpu6050.o(i.MPU_Set_Accel_Fsr) for MPU_Set_Accel_Fsr
    mpu6050.o(i.MPU_Init) refers to mpu6050.o(i.MPU_Set_Rate) for MPU_Set_Rate
    mpu6050.o(i.MPU_Init) refers to mpu6050.o(i.MPU_Read_Byte) for MPU_Read_Byte
    mpu6050.o(i.MPU_Init) refers to printfa.o(i.__0printf) for __2printf
    mpu6050.o(i.MPU_Read_Byte) refers to myiic.o(i.IIC_Start) for IIC_Start
    mpu6050.o(i.MPU_Read_Byte) refers to myiic.o(i.IIC_Send_Byte) for IIC_Send_Byte
    mpu6050.o(i.MPU_Read_Byte) refers to myiic.o(i.IIC_Wait_Ack) for IIC_Wait_Ack
    mpu6050.o(i.MPU_Read_Byte) refers to myiic.o(i.IIC_Read_Byte) for IIC_Read_Byte
    mpu6050.o(i.MPU_Read_Byte) refers to myiic.o(i.IIC_Stop) for IIC_Stop
    mpu6050.o(i.MPU_Read_Len) refers to myiic.o(i.IIC_Start) for IIC_Start
    mpu6050.o(i.MPU_Read_Len) refers to myiic.o(i.IIC_Send_Byte) for IIC_Send_Byte
    mpu6050.o(i.MPU_Read_Len) refers to myiic.o(i.IIC_Wait_Ack) for IIC_Wait_Ack
    mpu6050.o(i.MPU_Read_Len) refers to myiic.o(i.IIC_Stop) for IIC_Stop
    mpu6050.o(i.MPU_Read_Len) refers to myiic.o(i.IIC_Read_Byte) for IIC_Read_Byte
    mpu6050.o(i.MPU_Set_Accel_Fsr) refers to mpu6050.o(i.MPU_Write_Byte) for MPU_Write_Byte
    mpu6050.o(i.MPU_Set_Gyro_Fsr) refers to mpu6050.o(i.MPU_Write_Byte) for MPU_Write_Byte
    mpu6050.o(i.MPU_Set_LPF) refers to mpu6050.o(i.MPU_Write_Byte) for MPU_Write_Byte
    mpu6050.o(i.MPU_Set_Rate) refers to mpu6050.o(i.MPU_Write_Byte) for MPU_Write_Byte
    mpu6050.o(i.MPU_Set_Rate) refers to mpu6050.o(i.MPU_Set_LPF) for MPU_Set_LPF
    mpu6050.o(i.MPU_Write_Byte) refers to myiic.o(i.IIC_Start) for IIC_Start
    mpu6050.o(i.MPU_Write_Byte) refers to myiic.o(i.IIC_Send_Byte) for IIC_Send_Byte
    mpu6050.o(i.MPU_Write_Byte) refers to myiic.o(i.IIC_Wait_Ack) for IIC_Wait_Ack
    mpu6050.o(i.MPU_Write_Byte) refers to myiic.o(i.IIC_Stop) for IIC_Stop
    mpu6050.o(i.MPU_Write_Len) refers to myiic.o(i.IIC_Start) for IIC_Start
    mpu6050.o(i.MPU_Write_Len) refers to myiic.o(i.IIC_Send_Byte) for IIC_Send_Byte
    mpu6050.o(i.MPU_Write_Len) refers to myiic.o(i.IIC_Wait_Ack) for IIC_Wait_Ack
    mpu6050.o(i.MPU_Write_Len) refers to myiic.o(i.IIC_Stop) for IIC_Stop
    sys.o(i.Stm32_Clock_Init) refers to stm32f1xx_hal_rcc.o(i.HAL_RCC_OscConfig) for HAL_RCC_OscConfig
[...]
    startup_stm32f103xb.s                    0x00000000   Number         0  startup_stm32f103xb.o ABSOLUTE
    sys\\sys.c                               0x00000000   Number         0  sys.o ABSOLUTE
    sys\sys.c                                0x00000000   Number         0  sys.o ABSOLUTE
    RESET                                    0x08000000   Section      236  startup_stm32f103xb.o(RESET)
    .ARM.Collect$$$$00000000                 0x080000ec   Section        0  entry.o(.ARM.Collect$$$$00000000)
    .ARM.Collect$$$$00000001                 0x080000ec   Section        4  entry2.o(.ARM.Collect$$$$00000001)
    .ARM.Collect$$$$00000004                 0x080000f0   Section        4  entry5.o(.ARM.Collect$$$$00000004)
    .ARM.Collect$$$$00000008                 0x080000f4   Section        0  entry7b.o(.ARM.Collect$$$$00000008)
    .ARM.Collect$$$$0000000A                 0x080000f4   Section        0  entry8b.o(.ARM.Collect$$$$0000000A)
    .ARM.Collect$$$$0000000B                 0x080000f4   Section        8  entry9a.o(.ARM.Collect$$$$0000000B)
    .ARM.Collect$$$$0000000D                 0x080000fc   Section        0  entry10a.o(.ARM.Collect$$$$0000000D)
    .ARM.Collect$$$$0000000F                 0x080000fc   Section        0  entry11a.o(.ARM.Collect$$$$0000000F)
    .ARM.Collect$$$$00002712                 0x080000fc   Section        4  entry2.o(.ARM.Collect$$$$00002712)
    __lit__00000000                          0x080000fc   Data           4  entry2.o(.ARM.Collect$$$$00002712)
    .text                                    0x08000100   Section       36  startup_stm32f103xb.o(.text)
    .text                                    0x08000124   Section        0  llushr.o(.text)
    .text                                    0x08000144   Section        0  memseta.o(.text)
    .text                                    0x08000168   Section        0  fadd.o(.text)
    .text                                    0x08000218   Section        0  fmul.o(.text)
    .text                                    0x0800027c   Section        0  fdiv.o(.text)
    .text                                    0x080002f8   Section        0  fscalb.o(.text)
    .text                                    0x08000310   Section        0  dadd.o(.text)
    .text                                    0x0800045e   Section        0  dmul.o(.text)
    .text                                    0x08000542   Section        0  ddiv.o(.text)
    .text                                    0x08000620   Section        0  fflti.o(.text)
    .text                                    0x08000632   Section        0  dflti.o(.text)
    .text                                    0x08000654   Section        0  ffixi.o(.text)
    .text                                    0x08000686   Section        0  dfixi.o(.text)
    .text                                    0x080006c4   Section        0  dfixui.o(.text)
    .text                                    0x080006f6   Section        0  f2d.o(.text)
    .text                                    0x0800071c   Section       48  cdcmple.o(.text)
    .text                                    0x0800074c   Section        0  d2f.o(.text)
    .text                                    0x08000784   Section        0  uidiv.o(.text)
    .text                                    0x080007b0   Section        0  uldiv.o(.text)
    .text                                    0x08000812   Section        0  llshl.o(.text)
    .text                                    0x08000830   Section        0  llsshr.o(.text)
    .text                                    0x08000854   Section        0  fepilogue.o(.text)
    .text                                    0x08000854   Section        0  iusefp.o(.text)
    .text                                    0x080008c2   Section        0  depilogue.o(.text)
    .text                                    0x0800097c   Section        0  dscalb.o(.text)
    .text                                    0x080009aa   Section        0  dfixul.o(.text)
    .text                                    0x080009dc   Section       48  cdrcmple.o(.text)
    .text                                    0x08000a0c   Section       36  init.o(.text)
    .text                                    0x08000a30   Section        0  dsqrt.o(.text)
    i.BusFault_Handler                       0x08000ad2   Section        0  stm32f1xx_it.o(i.BusFault_Handler)
    i.DebugMon_Handler                       0x08000ad4   Section        0  stm32f1xx_it.o(i.DebugMon_Handler)
    i.Error_Handler                          0x08000ad6   Section        0  main.o(i.Error_Handler)
    i.HAL_DMA_Abort                          0x08000ada   Section        0  stm32f1xx_hal_dma.o(i.HAL_DMA_Abort)
    i.HAL_DMA_Abort_IT                       0x08000b20   Section        0  stm32f1xx_hal_dma.o(i.HAL_DMA_Abort_IT)
    i.HAL_Delay                              0x08000bb8   Section        0  stm32f1xx_hal.o(i.HAL_Delay)
    i.HAL_GPIO_Init                          0x08000bdc   Section        0  stm32f1xx_hal_gpio.o(i.HAL_GPIO_Init)
    i.HAL_GPIO_WritePin                      0x08000dbc   Section        0  stm32f1xx_hal_gpio.o(i.HAL_GPIO_WritePin)
    i.HAL_GetTick                            0x08000dc8   Section        0  stm32f1xx_hal.o(i.HAL_GetTick)
    i.HAL_IncTick                            0x08000dd4   Section        0  stm32f1xx_hal.o(i.HAL_IncTick)
    i.HAL_Init                               0x08000de4   Section        0  stm32f1xx_hal.o(i.HAL_Init)
    i.HAL_InitTick                           0x08000e08   Section        0  stm32f1xx_hal.o(i.HAL_InitTick)
    i.HAL_MspInit                            0x08000e48   Section        0  stm32f1xx_hal_msp.o(i.HAL_MspInit)
    i.HAL_NVIC_EnableIRQ                     0x08000e84   Section        0  stm32f1xx_hal_cortex.o(i.HAL_NVIC_EnableIRQ)
    i.HAL_NVIC_SetPriority                   0x08000ea0   Section        0  stm32f1xx_hal_cortex.o(i.HAL_NVIC_SetPriority)
    i.HAL_NVIC_SetPriorityGrouping           0x08000ee0   Section        0  stm32f1xx_hal_cortex.o(i.HAL_NVIC_SetPriorityGrouping)
    i.HAL_RCC_ClockConfig                    0x08000f04   Section        0  stm32f1xx_hal_rcc.o(i.HAL_RCC_ClockConfig)
    i.HAL_RCC_GetPCLK1Freq                   0x08001030   Section        0  stm32f1xx_hal_rcc.o(i.HAL_RCC_GetPCLK1Freq)
    i.HAL_RCC_GetPCLK2Freq                   0x08001050   Section        0  stm32f1xx_hal_rcc.o(i.HAL_RCC_GetPCLK2Freq)
    i.HAL_RCC_GetSysClockFreq                0x08001070   Section        0  stm32f1xx_hal_rcc.o(i.HAL_RCC_GetSysClockFreq)
    i.HAL_RCC_OscConfig                      0x080010dc   Section        0  stm32f1xx_hal_rcc.o(i.HAL_RCC_OscConfig)
    i.HAL_SYSTICK_CLKSourceConfig            0x080013fc   Section        0  stm32f1xx_hal_cortex.o(i.HAL_SYSTICK_CLKSourceConfig)
    i.HAL_SYSTICK_Config                     0x08001414   Section        0  stm32f1xx_hal_cortex.o(i.HAL_SYSTICK_Config)
    i.HAL_TIMEx_BreakCallback                0x0800143c   Section        0  stm32f1xx_hal_tim_ex.o(i.HAL_TIMEx_BreakCallback)
    i.HAL_TIMEx_CommutCallback               0x0800143e   Section        0  stm32f1xx_hal_tim_ex.o(i.HAL_TIMEx_CommutCallback)
    i.HAL_TIMEx_ConfigBreakDeadTime          0x08001440   Section        0  stm32f1xx_hal_tim_ex.o(i.HAL_TIMEx_ConfigBreakDeadTime)
    i.HAL_TIMEx_MasterConfigSynchronization  0x08001494   Section        0  stm32f1xx_hal_tim_ex.o(i.HAL_TIMEx_MasterConfigSynchronization)
    i.HAL_TIM_Base_Init                      0x080014fc   Section        0  stm32f1xx_hal_tim.o(i.HAL_TIM_Base_Init)
    i.HAL_TIM_Base_MspInit                   0x08001558   Section        0  tim.o(i.HAL_TIM_Base_MspInit)
    i.HAL_TIM_Base_Start_IT                  0x08001594   Section        0  stm32f1xx_hal_tim.o(i.HAL_TIM_Base_Start_IT)
    i.HAL_TIM_ConfigClockSource              0x080015ec   Section        0  stm32f1xx_hal_tim.o(i.HAL_TIM_ConfigClockSource)
    i.HAL_TIM_Encoder_Init                   0x080016c2   Section        0  stm32f1xx_hal_tim.o(i.HAL_TIM_Encoder_Init)
    i.HAL_TIM_Encoder_MspInit                0x08001768   Section        0  tim.o(i.HAL_TIM_Encoder_MspInit)
    i.HAL_TIM_Encoder_Start                  0x080017f4   Section        0  stm32f1xx_hal_tim.o(i.HAL_TIM_Encoder_Start)
    i.HAL_TIM_IC_CaptureCallback             0x08001882   Section        0  stm32f1xx_hal_tim.o(i.HAL_TIM_IC_CaptureCallback)
    i.HAL_TIM_IRQHandler                     0x08001884   Section        0  stm32f1xx_hal_tim.o(i.HAL_TIM_IRQHandler)
    i.HAL_TIM_MspPostInit                    0x080019ec   Section        0  tim.o(i.HAL_TIM_MspPostInit)
    i.HAL_TIM_OC_DelayElapsedCallback        0x08001a38   Section        0  stm32f1xx_hal_tim.o(i.HAL_TIM_OC_DelayElapsedCallback)
    i.HAL_TIM_PWM_ConfigChannel              0x08001a3a   Section        0  stm32f1xx_hal_tim.o(i.HAL_TIM_PWM_ConfigChannel)
    i.HAL_TIM_PWM_Init                       0x08001b00   Section        0  stm32f1xx_hal_tim.o(i.HAL_TIM_PWM_Init)
    i.HAL_TIM_PWM_MspInit                    0x08001b5c   Section        0  tim.o(i.HAL_TIM_PWM_MspInit)
    i.HAL_TIM_PWM_PulseFinishedCallback      0x08001b84   Section        0  stm32f1xx_hal_tim.o(i.HAL_TIM_PWM_PulseFinishedCallback)
    i.HAL_TIM_PWM_Start                      0x08001b88   Section        0  stm32f1xx_hal_tim.o(i.HAL_TIM_PWM_Start)
    i.HAL_TIM_PeriodElapsedCallback          0x08001c24   Section        0  main.o(i.HAL_TIM_PeriodElapsedCallback)
    i.HAL_TIM_TriggerCallback                0x08001d8c   Section        0  stm32f1xx_hal_tim.o(i.HAL_TIM_TriggerCallback)
    i.HAL_UARTEx_RxEventCallback             0x08001d8e   Section        0  stm32f1xx_hal_uart.o(i.HAL_UARTEx_RxEventCallback)
    i.HAL_UART_ErrorCallback                 0x08001d90   Section        0  stm32f1xx_hal_uart.o(i.HAL_UART_ErrorCallback)
    i.HAL_UART_IRQHandler                    0x08001d94   Section        0  stm32f1xx_hal_uart.o(i.HAL_UART_IRQHandler)
    i.HAL_UART_Init                          0x08001fa0   Section        0  stm32f1xx_hal_uart.o(i.HAL_UART_Init)
    i.HAL_UART_MspInit                       0x08002004   Section        0  usart.o(i.HAL_UART_MspInit)
    i.HAL_UART_RxCpltCallback                0x080020d4   Section        0  stm32f1xx_hal_uart.o(i.HAL_UART_RxCpltCallback)
    i.HAL_UART_Transmit                      0x080020d8   Section        0  stm32f1xx_hal_uart.o(i.HAL_UART_Transmit)
    i.HAL_UART_TxCpltCallback                0x0800218a   Section        0  stm32f1xx_hal_uart.o(i.HAL_UART_TxCpltCallback)
    i.HardFault_Handler                      0x0800218c   Section        0  stm32f1xx_it.o(i.HardFault_Handler)
    i.IIC_Ack                                0x08002190   Section        0  myiic.o(i.IIC_Ack)
    i.IIC_Init                               0x080021d0   Section        0  myiic.o(i.IIC_Init)
    i.IIC_NAck                               0x080021e4   Section        0  myiic.o(i.IIC_NAck)
    i.IIC_Read_Byte                          0x08002224   Section        0  myiic.o(i.IIC_Read_Byte)
    i.IIC_Send_Byte                          0x08002290   Section        0  myiic.o(i.IIC_Send_Byte)
    i.IIC_Start                              0x080022f0   Section        0  myiic.o(i.IIC_Start)
    i.IIC_Stop                               0x08002330   Section        0  myiic.o(i.IIC_Stop)
    i.IIC_Wait_Ack                           0x08002374   Section        0  myiic.o(i.IIC_Wait_Ack)
    i.IMU_AHRSupdate_noMagnetic_mpu6050      0x080023cc   Section        0  attitude_solution.o(i.IMU_AHRSupdate_noMagnetic_mpu6050)
    IMU_AHRSupdate_noMagnetic_mpu6050        0x080023cd   Thumb Code   926  attitude_solution.o(i.IMU_AHRSupdate_noMagnetic_mpu6050)
    i.IMU_getValues_mpu6050                  0x08002778   Section        0  attitude_solution.o(i.IMU_getValues_mpu6050)
    i.IMU_quaterToEulerianAngles_mpu6050     0x080028d0   Section        0  attitude_solution.o(i.IMU_quaterToEulerianAngles_mpu6050)
    i.MPU_Get_Accelerometer                  0x08002a3c   Section        0  mpu6050.o(i.MPU_Get_Accelerometer)
    i.MPU_Get_Gyroscope                      0x08002a6e   Section        0  mpu6050.o(i.MPU_Get_Gyroscope)
    i.MPU_Init                               0x08002aa0   Section        0  mpu6050.o(i.MPU_Init)
    i.MPU_Read_Byte                          0x08002b30   Section        0  mpu6050.o(i.MPU_Read_Byte)
    i.MPU_Read_Len                           0x08002b6c   Section        0  mpu6050.o(i.MPU_Read_Len)
    i.MPU_Set_Accel_Fsr                      0x08002bd8   Section        0  mpu6050.o(i.MPU_Set_Accel_Fsr)
    i.MPU_Set_Gyro_Fsr                       0x08002be2   Section        0  mpu6050.o(i.MPU_Set_Gyro_Fsr)
    i.MPU_Set_LPF                            0x08002bec   Section        0  mpu6050.o(i.MPU_Set_LPF)
    i.MPU_Set_Rate                           0x08002c1c   Section        0  mpu6050.o(i.MPU_Set_Rate)
    i.MPU_Write_Byte                         0x08002c4a   Section        0  mpu6050.o(i.MPU_Write_Byte)
    i.MX_GPIO_Init                           0x08002c88   Section        0  gpio.o(i.MX_GPIO_Init)
    i.MX_TIM1_Init                           0x08002d48   Section        0  tim.o(i.MX_TIM1_Init)
    i.MX_TIM2_Init                           0x08002df8   Section        0  tim.o(i.MX_TIM2_Init)
    i.MX_TIM3_Init                           0x08002e64   Section        0  tim.o(i.MX_TIM3_Init)
    i.MX_TIM4_Init                           0x08002ecc   Section        0  tim.o(i.MX_TIM4_Init)
    i.MX_USART1_UART_Init                    0x08002f38   Section        0  usart.o(i.MX_USART1_UART_Init)
    i.MX_USART3_UART_Init                    0x08002f70   Section        0  usart.o(i.MX_USART3_UART_Init)
    i.MemManage_Handler                      0x08002fa8   Section        0  stm32f1xx_it.o(i.MemManage_Handler)
    i.NMI_Handler                            0x08002faa   Section        0  stm32f1xx_it.o(i.NMI_Handler)
    i.OLED_Clear                             0x08002fac   Section        0  oled.o(i.OLED_Clear)
    i.OLED_Float                             0x08002fe8   Section        0  oled.o(i.OLED_Float)
    i.OLED_IIC_Start                         0x08003148   Section        0  oled.o(i.OLED_IIC_Start)
    i.OLED_IIC_Stop                          0x0800317c   Section        0  oled.o(i.OLED_IIC_Stop)
    i.OLED_IIC_Wait_Ack                      0x080031a8   Section        0  oled.o(i.OLED_IIC_Wait_Ack)
    i.OLED_Init                              0x080031c8   Section        0  oled.o(i.OLED_Init)
    i.OLED_Num2                              0x080032ae   Section        0  oled.o(i.OLED_Num2)
    i.OLED_Num_write                         0x08003318   Section        0  oled.o(i.OLED_Num_write)
    i.OLED_Set_Pos                           0x0800334c   Section        0  oled.o(i.OLED_Set_Pos)
    i.OLED_ShowChar                          0x08003378   Section        0  oled.o(i.OLED_ShowChar)
    i.OLED_ShowString                        0x08003400   Section        0  oled.o(i.OLED_ShowString)
    i.OLED_WR_Byte                           0x08003432   Section        0  oled.o(i.OLED_WR_Byte)
    i.OLED_Write_IIC_Byte                    0x08003440   Section        0  oled.o(i.OLED_Write_IIC_Byte)
    i.OLED_Write_IIC_Command                 0x08003490   Section        0  oled.o(i.OLED_Write_IIC_Command)
    i.OLED_Write_IIC_Data                    0x080034be   Section        0  oled.o(i.OLED_Write_IIC_Data)
    i.OLED_fuhao_write                       0x080034ec   Section        0  oled.o(i.OLED_fuhao_write)
    i.PIDInit                                0x0800351c   Section        0  pid.o(i.PIDInit)
    i.PID_A                                  0x08003524   Section        0  pid.o(i.PID_A)
    i.PID_V                                  0x080035a8   Section        0  pid.o(i.PID_V)
    i.PID_W                                  0x08003604   Section        0  pid.o(i.PID_W)
    i.PendSV_Handler                         0x08003670   Section        0  stm32f1xx_it.o(i.PendSV_Handler)
    i.Read_Encoder                           0x08003674   Section        0  encoder.o(i.Read_Encoder)
    i.SVC_Handler                            0x080036a8   Section        0  stm32f1xx_it.o(i.SVC_Handler)
    i.Set_Pwm                                0x080036ac   Section        0  mortor.o(i.Set_Pwm)
    i.SysTick_Handler                        0x08003760   Section        0  stm32f1xx_it.o(i.SysTick_Handler)
    i.SystemClock_Config                     0x08003764   Section        0  main.o(i.SystemClock_Config)
    i.SystemInit                             0x080037c2   Section        0  system_stm32f1xx.o(i.SystemInit)
    i.TIM3_IRQHandler                        0x080037c4   Section        0  stm32f1xx_it.o(i.TIM3_IRQHandler)
    i.TIM_Base_SetConfig                     0x080037d0   Section        0  stm32f1xx_hal_tim.o(i.TIM_Base_SetConfig)
    i.TIM_CCxChannelCmd                      0x0800383c   Section        0  stm32f1xx_hal_tim.o(i.TIM_CCxChannelCmd)
    i.TIM_ETR_SetConfig                      0x08003856   Section        0  stm32f1xx_hal_tim.o(i.TIM_ETR_SetConfig)
    i.TIM_ITRx_SetConfig                     0x0800386a   Section        0  stm32f1xx_hal_tim.o(i.TIM_ITRx_SetConfig)
    TIM_ITRx_SetConfig                       0x0800386b   Thumb Code    16  stm32f1xx_hal_tim.o(i.TIM_ITRx_SetConfig)
    i.TIM_OC1_SetConfig                      0x0800387c   Section        0  stm32f1xx_hal_tim.o(i.TIM_OC1_SetConfig)
    TIM_OC1_SetConfig                        0x0800387d   Thumb Code    74  stm32f1xx_hal_tim.o(i.TIM_OC1_SetConfig)
    i.TIM_OC2_SetConfig                      0x080038cc   Section        0  stm32f1xx_hal_tim.o(i.TIM_OC2_SetConfig)
    i.TIM_OC3_SetConfig                      0x08003924   Section        0  stm32f1xx_hal_tim.o(i.TIM_OC3_SetConfig)
    TIM_OC3_SetConfig                        0x08003925   Thumb Code    82  stm32f1xx_hal_tim.o(i.TIM_OC3_SetConfig)
    i.TIM_OC4_SetConfig                      0x0800397c   Section        0  stm32f1xx_hal_tim.o(i.TIM_OC4_SetConfig)
    TIM_OC4_SetConfig                        0x0800397d   Thumb Code    64  stm32f1xx_hal_tim.o(i.TIM_OC4_SetConfig)
    i.TIM_TI1_ConfigInputStage               0x080039c0   Section        0  stm32f1xx_hal_tim.o(i.TIM_TI1_ConfigInputStage)
    TIM_TI1_ConfigInputStage                 0x080039c1   Thumb Code    34  stm32f1xx_hal_tim.o(i.TIM_TI1_ConfigInputStage)
    i.TIM_TI2_ConfigInputStage               0x080039e2   Section        0  stm32f1xx_hal_tim.o(i.TIM_TI2_ConfigInputStage)
    TIM_TI2_ConfigInputStage                 0x080039e3   Thumb Code    36  stm32f1xx_hal_tim.o(i.TIM_TI2_ConfigInputStage)
    i.UART_DMAAbortOnError                   0x08003a06   Section        0  stm32f1xx_hal_uart.o(i.UART_DMAAbortOnError)
    UART_DMAAbortOnError                     0x08003a07   Thumb Code    16  stm32f1xx_hal_uart.o(i.UART_DMAAbortOnError)
    i.UART_EndRxTransfer                     0x08003a16   Section        0  stm32f1xx_hal_uart.o(i.UART_EndRxTransfer)
    UART_EndRxTransfer                       0x08003a17   Thumb Code    48  stm32f1xx_hal_uart.o(i.UART_EndRxTransfer)
    i.UART_Receive_IT                        0x08003a46   Section        0  stm32f1xx_hal_uart.o(i.UART_Receive_IT)
    UART_Receive_IT                          0x08003a47   Thumb Code   182  stm32f1xx_hal_uart.o(i.UART_Receive_IT)
    i.UART_SetConfig                         0x08003afc   Section        0  stm32f1xx_hal_uart.o(i.UART_SetConfig)
    UART_SetConfig                           0x08003afd   Thumb Code   178  stm32f1xx_hal_uart.o(i.UART_SetConfig)
    i.UART_WaitOnFlagUntilTimeout            0x08003bb4   Section        0  stm32f1xx_hal_uart.o(i.UART_WaitOnFlagUntilTimeout)
    UART_WaitOnFlagUntilTimeout              0x08003bb5   Thumb Code   100  stm32f1xx_hal_uart.o(i.UART_WaitOnFlagUntilTimeout)
    i.USART3_IRQHandler                      0x08003c18   Section        0  stm32f1xx_it.o(i.USART3_IRQHandler)
    i.UsageFault_Handler                     0x08003c24   Section        0  stm32f1xx_it.o(i.UsageFault_Handler)
    i.__0printf                              0x08003c28   Section        0  printfa.o(i.__0printf)
    i.__ARM_fpclassify                       0x08003c48   Section        0  fpclassify.o(i.__ARM_fpclassify)
    i.__NVIC_SetPriority                     0x08003c70   Section        0  stm32f1xx_hal_cortex.o(i.__NVIC_SetPriority)
    __NVIC_SetPriority                       0x08003c71   Thumb Code    32  stm32f1xx_hal_cortex.o(i.__NVIC_SetPriority)
    i.__kernel_poly                          0x08003c90   Section        0  poly.o(i.__kernel_poly)
    i.__mathlib_dbl_infnan                   0x08003d3a   Section        0  dunder.o(i.__mathlib_dbl_infnan)
    i.__mathlib_dbl_infnan2                  0x08003d40   Section        0  dunder.o(i.__mathlib_dbl_infnan2)
    i.__mathlib_dbl_invalid                  0x08003d44   Section        0  dunder.o(i.__mathlib_dbl_invalid)
    i.__mathlib_dbl_underflow                0x08003d50   Section        0  dunder.o(i.__mathlib_dbl_underflow)
    i.__scatterload_copy                     0x08003d60   Section       14  handlers.o(i.__scatterload_copy)
    i.__scatterload_null                     0x08003d6e   Section        2  handlers.o(i.__scatterload_null)
    i.__scatterload_zeroinit                 0x08003d70   Section       14  handlers.o(i.__scatterload_zeroinit)
    i.__set_errno                            0x08003d80   Section        0  errno.o(i.__set_errno)
    i._fp_digits                             0x08003d8c   Section        0  printfa.o(i._fp_digits)
    _fp_digits                               0x08003d8d   Thumb Code   366  printfa.o(i._fp_digits)
    i._printf_core                           0x08003f10   Section        0  printfa.o(i._printf_core)
    _printf_core                             0x08003f11   Thumb Code  1744  printfa.o(i._printf_core)
    i._printf_post_padding                   0x080045ec   Section        0  printfa.o(i._printf_post_padding)
    _printf_post_padding                     0x080045ed   Thumb Code    36  printfa.o(i._printf_post_padding)
    i._printf_pre_padding                    0x08004610   Section        0  printfa.o(i._printf_pre_padding)
    _printf_pre_padding                      0x08004611   Thumb Code    46  printfa.o(i._printf_pre_padding)
    i.asin                                   0x08004640   Section        0  asin.o(i.asin)
    i.atan                                   0x080048b0   Section        0  atan.o(i.atan)
    i.atan2                                  0x08004ad0   Section        0  atan2.o(i.atan2)
    i.delay_init                             0x08004c50   Section        0  delay.o(i.delay_init)
    i.delay_ms                               0x08004c64   Section        0  delay.o(i.delay_ms)
    i.delay_us                               0x08004c80   Section        0  delay.o(i.delay_us)
    i.fputc                                  0x08004cb4   Section        0  main.o(i.fputc)
    i.invSqrt                                0x08004cd0   Section        0  attitude_solution.o(i.invSqrt)
    i.main                                   0x08004d04   Section        0  main.o(i.main)
    i.myabs                                  0x08004e2c   Section        0  mortor.o(i.myabs)
    i.oled_first_show                        0x08004e34   Section        0  oled.o(i.oled_first_show)
    i.oled_show                              0x08004e88   Section        0  oled.o(i.oled_show)
    i.sqrt                                   0x08004f08   Section        0  sqrt.o(i.sqrt)
    .constdata                               0x08004f54   Section      552  oledfont.o(.constdata)
    .constdata                               0x0800517c   Section     1520  oledfont.o(.constdata)
    .constdata                               0x0800576c   Section       16  system_stm32f1xx.o(.constdata)
    .constdata                               0x0800577c   Section        8  system_stm32f1xx.o(.constdata)
    .constdata                               0x08005788   Section       80  asin.o(.constdata)
    pS                                       0x08005788   Data          48  asin.o(.constdata)
    qS                                       0x080057b8   Data          32  asin.o(.constdata)
    .constdata                               0x080057d8   Section      152  atan.o(.constdata)
    atanhi                                   0x080057d8   Data          32  atan.o(.constdata)
    atanlo                                   0x080057f8   Data          32  atan.o(.constdata)
    aTodd                                    0x08005818   Data          40  atan.o(.constdata)
    aTeven                                   0x08005840   Data          48  atan.o(.constdata)
    .constdata                               0x08005870   Section        8  qnan.o(.constdata)
    .data                                    0x20000000   Section       36  attitude_solution.o(.data)
    .data                                    0x20000024   Section        4  delay.o(.data)
    fac_us                                   0x20000024   Data           4  delay.o(.data)
    .data                                    0x20000028   Section       48  main.o(.data)
    .data                                    0x20000058   Section        4  main.o(.data)
    .data                                    0x2000005c   Section        4  main.o(.data)
    .data                                    0x20000060   Section       12  stm32f1xx_hal.o(.data)
    .data                                    0x2000006c   Section        4  system_stm32f1xx.o(.data)
    .data                                    0x20000070   Section        4  stdout.o(.data)
    .data                                    0x20000074   Section        4  errno.o(.data)
    _errno                                   0x20000074   Data           4  errno.o(.data)
    .bss                                     0x20000078   Section       76  attitude_solution.o(.bss)
    lastaccel                                0x20000078   Data          24  attitude_solution.o(.bss)
    .bss                                     0x200000c8   Section      168  main.o(.bss)
    .bss                                     0x20000170   Section      288  tim.o(.bss)
    .bss                                     0x20000290   Section      136  usart.o(.bss)
    STACK                                    0x20000318   Section     1024  startup_stm32f103xb.o(STACK)

    Global Symbols

    Symbol Name                              Value     Ov Type        Size  Object(Section)

    BuildAttributes$$THM_ISAv4$P$D$K$B$S$PE$A:L22UL41UL21$X:L11$S22US41US21$IEEE1$IW$USESV6$~STKCKD$USESV7$~SHL$OTIME$ROPI$IEEEX$EBA8$MICROLIB$REQ8$PRES8$EABIv2 0x00000000   Number         0  anon$$obj.o ABSOLUTE
    __ARM_use_no_argv                        0x00000000   Number         0  main.o ABSOLUTE
    _printf_a                                0x00000000   Number         0  stubs.o ABSOLUTE
    _printf_c                                0x00000000   Number         0  stubs.o ABSOLUTE
    _printf_charcount                        0x00000000   Number         0  stubs.o ABSOLUTE
    _printf_d                                0x00000000   Number         0  stubs.o ABSOLUTE
    _printf_e                                0x00000000   Number         0  stubs.o ABSOLUTE
    _printf_f                                0x00000000   Number         0  stubs.o ABSOLUTE
    _printf_flags                            0x00000000   Number         0  stubs.o ABSOLUTE
    _printf_fp_dec                           0x00000000   Number         0  stubs.o ABSOLUTE
    _printf_fp_hex                           0x00000000   Number         0  stubs.o ABSOLUTE
    _printf_g                                0x00000000   Number         0  stubs.o ABSOLUTE
    _printf_i                                0x00000000   Number         0  stubs.o ABSOLUTE
    _printf_int_dec                          0x00000000   Number         0  stubs.o ABSOLUTE
    _printf_l                                0x00000000   Number         0  stubs.o ABSOLUTE
    _printf_lc                               0x00000000   Number         0  stubs.o ABSOLUTE
    _printf_ll                               0x00000000   Number         0  stubs.o ABSOLUTE
    _printf_lld                              0x00000000   Number         0  stubs.o ABSOLUTE
    _printf_lli                              0x00000000   Number         0  stubs.o ABSOLUTE
    _printf_llo                              0x00000000   Number         0  stubs.o ABSOLUTE
    _printf_llu                              0x00000000   Number         0  stubs.o ABSOLUTE
    _printf_llx                              0x00000000   Number         0  stubs.o ABSOLUTE
    _printf_longlong_dec                     0x00000000   Number         0  stubs.o ABSOLUTE
    _printf_longlong_hex                     0x00000000   Number         0  stubs.o ABSOLUTE
    _printf_longlong_oct                     0x00000000   Number         0  stubs.o ABSOLUTE
    _printf_ls                               0x00000000   Number         0  stubs.o ABSOLUTE
    _printf_mbtowc                           0x00000000   Number         0  stubs.o ABSOLUTE
    _printf_n                                0x00000000   Number         0  stubs.o ABSOLUTE
    _printf_o                                0x00000000   Number         0  stubs.o ABSOLUTE
    _printf_p                                0x00000000   Number         0  stubs.o ABSOLUTE
    _printf_percent                          0x00000000   Number         0  stubs.o ABSOLUTE
    _printf_pre_padding                      0x00000000   Number         0  stubs.o ABSOLUTE
    _printf_return_value                     0x00000000   Number         0  stubs.o ABSOLUTE
    _printf_s                                0x00000000   Number         0  stubs.o ABSOLUTE
    _printf_sizespec                         0x00000000   Number         0  stubs.o ABSOLUTE
    _printf_str                              0x00000000   Number         0  stubs.o ABSOLUTE
    _printf_truncate_signed                  0x00000000   Number         0  stubs.o ABSOLUTE
    _printf_truncate_unsigned                0x00000000   Number         0  stubs.o ABSOLUTE
    _printf_u                                0x00000000   Number         0  stubs.o ABSOLUTE
    _printf_wc                               0x00000000   Number         0  stubs.o ABSOLUTE
    _printf_wctomb                           0x00000000   Number         0  stubs.o ABSOLUTE
    _printf_widthprec                        0x00000000   Number         0  stubs.o ABSOLUTE
    _printf_x                                0x00000000   Number         0  stubs.o ABSOLUTE
    __cpp_initialize__aeabi_                  - Undefined Weak Reference
    __cxa_finalize                            - Undefined Weak Reference
    __decompress                              - Undefined Weak Reference
    _clock_init                               - Undefined Weak Reference
    _microlib_exit                            - Undefined Weak Reference
    __Vectors_Size                           0x000000ec   Number         0  startup_stm32f103xb.o ABSOLUTE
    __Vectors                                0x08000000   Data           4  startup_stm32f103xb.o(RESET)
    __Vectors_End                            0x080000ec   Data           0  startup_stm32f103xb.o(RESET)
    __main                                   0x080000ed   Thumb Code     0  entry.o(.ARM.Collect$$$$00000000)
    _main_stk                                0x080000ed   Thumb Code     0  entry2.o(.ARM.Collect$$$$00000001)
    _main_scatterload                        0x080000f1   Thumb Code     0  entry5.o(.ARM.Collect$$$$00000004)
    __main_after_scatterload                 0x080000f5   Thumb Code     0  entry5.o(.ARM.Collect$$$$00000004)
    _main_clock                              0x080000f5   Thumb Code     0  entry7b.o(.ARM.Collect$$$$00000008)
    _main_cpp_init                           0x080000f5   Thumb Code     0  entry8b.o(.ARM.Collect$$$$0000000A)
    _main_init                               0x080000f5   Thumb Code     0  entry9a.o(.ARM.Collect$$$$0000000B)
    __rt_final_cpp                           0x080000fd   Thumb Code     0  entry10a.o(.ARM.Collect$$$$0000000D)
    __rt_final_exit                          0x080000fd   Thumb Code     0  entry11a.o(.ARM.Collect$$$$0000000F)
    Reset_Handler                            0x08000101   Thumb Code     8  startup_stm32f103xb.o(.text)
    ADC1_2_IRQHandler                        0x0800011b   Thumb Code     0  startup_stm32f103xb.o(.text)
    CAN1_RX1_IRQHandler                      0x0800011b   Thumb Code     0  startup_stm32f103xb.o(.text)
    CAN1_SCE_IRQHandler                      0x0800011b   Thumb Code     0  startup_stm32f103xb.o(.text)
    DMA1_Channel1_IRQHandler                 0x0800011b   Thumb Code     0  startup_stm32f103xb.o(.text)
    DMA1_Channel2_IRQHandler                 0x0800011b   Thumb Code     0  startup_stm32f103xb.o(.text)
    DMA1_Channel3_IRQHandler                 0x0800011b   Thumb Code     0  startup_stm32f103xb.o(.text)
    DMA1_Channel4_IRQHandler                 0x0800011b   Thumb Code     0  startup_stm32f103xb.o(.text)
    DMA1_Channel5_IRQHandler                 0x0800011b   Thumb Code     0  startup_stm32f103xb.o(.text)
    DMA1_Channel6_IRQHandler                 0x0800011b   Thumb Code     0  startup_stm32f103xb.o(.text)
    DMA1_Channel7_IRQHandler                 0x0800011b   Thumb Code     0  startup_stm32f103xb.o(.text)
    EXTI0_IRQHandler                         0x0800011b   Thumb Code     0  startup_stm32f103xb.o(.text)
    EXTI15_10_IRQHandler                     0x0800011b   Thumb Code     0  startup_stm32f103xb.o(.text)
    EXTI1_IRQHandler                         0x0800011b   Thumb Code     0  startup_stm32f103xb.o(.text)
    EXTI2_IRQHandler                         0x0800011b   Thumb Code     0  startup_stm32f103xb.o(.text)
    EXTI3_IRQHandler                         0x0800011b   Thumb Code     0  startup_stm32f103xb.o(.text)
    EXTI4_IRQHandler                         0x0800011b   Thumb Code     0  startup_stm32f103xb.o(.text)
    EXTI9_5_IRQHandler                       0x0800011b   Thumb Code     0  startup_stm32f103xb.o(.text)
    FLASH_IRQHandler                         0x0800011b   Thumb Code     0  startup_stm32f103xb.o(.text)
    I2C1_ER_IRQHandler                       0x0800011b   Thumb Code     0  startup_stm32f103xb.o(.text)
    I2C1_EV_IRQHandler                       0x0800011b   Thumb Code     0  startup_stm32f103xb.o(.text)
    I2C2_ER_IRQHandler                       0x0800011b   Thumb Code     0  startup_stm32f103xb.o(.text)
    I2C2_EV_IRQHandler                       0x0800011b   Thumb Code     0  startup_stm32f103xb.o(.text)
    PVD_IRQHandler                           0x0800011b   Thumb Code     0  startup_stm32f103xb.o(.text)
    RCC_IRQHandler                           0x0800011b   Thumb Code     0  startup_stm32f103xb.o(.text)
    RTC_Alarm_IRQHandler                     0x0800011b   Thumb Code     0  startup_stm32f103xb.o(.text)
    RTC_IRQHandler                           0x0800011b   Thumb Code     0  startup_stm32f103xb.o(.text)
    SPI1_IRQHandler                          0x0800011b   Thumb Code     0  startup_stm32f103xb.o(.text)
    SPI2_IRQHandler                          0x0800011b   Thumb Code     0  startup_stm32f103xb.o(.text)
    TAMPER_IRQHandler                        0x0800011b   Thumb Code     0  startup_stm32f103xb.o(.text)
    TIM1_BRK_IRQHandler                      0x0800011b   Thumb Code     0  startup_stm32f103xb.o(.text)
    TIM1_CC_IRQHandler                       0x0800011b   Thumb Code     0  startup_stm32f103xb.o(.text)
    TIM1_TRG_COM_IRQHandler                  0x0800011b   Thumb Code     0  startup_stm32f103xb.o(.text)
    TIM1_UP_IRQHandler                       0x0800011b   Thumb Code     0  startup_stm32f103xb.o(.text)
    TIM2_IRQHandler                          0x0800011b   Thumb Code     0  startup_stm32f103xb.o(.text)
    TIM4_IRQHandler                          0x0800011b   Thumb Code     0  startup_stm32f103xb.o(.text)
    USART1_IRQHandler                        0x0800011b   Thumb Code     0  startup_stm32f103xb.o(.text)
    USART2_IRQHandler                        0x0800011b   Thumb Code     0  startup_stm32f103xb.o(.text)
    USBWakeUp_IRQHandler                     0x0800011b   Thumb Code     0  startup_stm32f103xb.o(.text)
    USB_HP_CAN1_TX_IRQHandler                0x0800011b   Thumb Code     0  startup_stm32f103xb.o(.text)
    USB_LP_CAN1_RX0_IRQHandler               0x0800011b   Thumb Code     0  startup_stm32f103xb.o(.text)
    WWDG_IRQHandler                          0x0800011b   Thumb Code     0  startup_stm32f103xb.o(.text)
    __aeabi_llsr                             0x08000125   Thumb Code    32  llushr.o(.text)
    _ll_ushift_r                             0x08000125   Thumb Code     0  llushr.o(.text)
    __aeabi_memset                           0x08000145   Thumb Code    14  memseta.o(.text)
    __aeabi_memset4                          0x08000145   Thumb Code     0  memseta.o(.text)
    __aeabi_memset8                          0x08000145   Thumb Code     0  memseta.o(.text)
    __aeabi_memclr                           0x08000153   Thumb Code     4  memseta.o(.text)
    __aeabi_memclr4                          0x08000153   Thumb Code     0  memseta.o(.text)
    __aeabi_memclr8                          0x08000153   Thumb Code     0  memseta.o(.text)
    _memset$wrapper                          0x08000157   Thumb Code    18  memseta.o(.text)
    __aeabi_fadd                             0x08000169   Thumb Code   164  fadd.o(.text)
    __aeabi_fsub                             0x0800020d   Thumb Code     6  fadd.o(.text)
    __aeabi_frsub                            0x08000213   Thumb Code     6  fadd.o(.text)
    __aeabi_fmul                             0x08000219   Thumb Code   100  fmul.o(.text)
    __aeabi_fdiv                             0x0800027d   Thumb Code   124  fdiv.o(.text)
    __ARM_scalbnf                            0x080002f9   Thumb Code    24  fscalb.o(.text)
    scalbnf                                  0x080002f9   Thumb Code     0  fscalb.o(.text)
    __aeabi_dadd                             0x08000311   Thumb Code   322  dadd.o(.text)
    __aeabi_dsub                             0x08000453   Thumb Code     6  dadd.o(.text)
    __aeabi_drsub                            0x08000459   Thumb Code     6  dadd.o(.text)
    __aeabi_dmul                             0x0800045f   Thumb Code   228  dmul.o(.text)
    __aeabi_ddiv                             0x08000543   Thumb Code   222  ddiv.o(.text)
    __aeabi_i2f                              0x08000621   Thumb Code    18  fflti.o(.text)
    __aeabi_i2d                              0x08000633   Thumb Code    34  dflti.o(.text)
    __aeabi_f2iz                             0x08000655   Thumb Code    50  ffixi.o(.text)
    __aeabi_d2iz                             0x08000687   Thumb Code    62  dfixi.o(.text)
    __aeabi_d2uiz                            0x080006c5   Thumb Code    50  dfixui.o(.text)
    __aeabi_f2d                              0x080006f7   Thumb Code    38  f2d.o(.text)
    __aeabi_cdcmpeq                          0x0800071d   Thumb Code     0  cdcmple.o(.text)
    __aeabi_cdcmple                          0x0800071d   Thumb Code    48  cdcmple.o(.text)
    __aeabi_d2f                              0x0800074d   Thumb Code    56  d2f.o(.text)
    __aeabi_uidiv                            0x08000785   Thumb Code     0  uidiv.o(.text)
    __aeabi_uidivmod                         0x08000785   Thumb Code    44  uidiv.o(.text)
    __aeabi_uldivmod                         0x080007b1   Thumb Code    98  uldiv.o(.text)
    __aeabi_llsl                             0x08000813   Thumb Code    30  llshl.o(.text)
    _ll_shift_l                              0x08000813   Thumb Code     0  llshl.o(.text)
    __aeabi_lasr                             0x08000831   Thumb Code    36  llsshr.o(.text)
    _ll_sshift_r                             0x08000831   Thumb Code     0  llsshr.o(.text)
    __I$use$fp                               0x08000855   Thumb Code     0  iusefp.o(.text)
    _float_round                             0x08000855   Thumb Code    18  fepilogue.o(.text)
    _float_epilogue                          0x08000867   Thumb Code    92  fepilogue.o(.text)
    _double_round                            0x080008c3   Thumb Code    30  depilogue.o(.text)
    _double_epilogue                         0x080008e1   Thumb Code   156  depilogue.o(.text)
    __ARM_scalbn                             0x0800097d   Thumb Code    46  dscalb.o(.text)
    scalbn                                   0x0800097d   Thumb Code     0  dscalb.o(.text)
    __aeabi_d2ulz                            0x080009ab   Thumb Code    48  dfixul.o(.text)
    __aeabi_cdrcmple                         0x080009dd   Thumb Code    48  cdrcmple.o(.text)
    __scatterload                            0x08000a0d   Thumb Code    28  init.o(.text)
    __scatterload_rt2                        0x08000a0d   Thumb Code     0  init.o(.text)
    _dsqrt                                   0x08000a31   Thumb Code   162  dsqrt.o(.text)
    BusFault_Handler                         0x08000ad3   Thumb Code     2  stm32f1xx_it.o(i.BusFault_Handler)
    DebugMon_Handler                         0x08000ad5   Thumb Code     2  stm32f1xx_it.o(i.DebugMon_Handler)
    Error_Handler                            0x08000ad7   Thumb Code     4  main.o(i.Error_Handler)
    HAL_DMA_Abort                            0x08000adb   Thumb Code    70  stm32f1xx_hal_dma.o(i.HAL_DMA_Abort)
    HAL_DMA_Abort_IT                         0x08000b21   Thumb Code   148  stm32f1xx_hal_dma.o(i.HAL_DMA_Abort_IT)
    HAL_Delay                                0x08000bb9   Thumb Code    32  stm32f1xx_hal.o(i.HAL_Delay)
    HAL_GPIO_Init                            0x08000bdd   Thumb Code   446  stm32f1xx_hal_gpio.o(i.HAL_GPIO_Init)
    HAL_GPIO_WritePin                        0x08000dbd   Thumb Code    10  stm32f1xx_hal_gpio.o(i.HAL_GPIO_WritePin)
    HAL_GetTick                              0x08000dc9   Thumb Code     6  stm32f1xx_hal.o(i.HAL_GetTick)
    HAL_IncTick                              0x08000dd5   Thumb Code    12  stm32f1xx_hal.o(i.HAL_IncTick)
    HAL_Init                                 0x08000de5   Thumb Code    32  stm32f1xx_hal.o(i.HAL_Init)
    HAL_InitTick                             0x08000e09   Thumb Code    54  stm32f1xx_hal.o(i.HAL_InitTick)
    HAL_MspInit                              0x08000e49   Thumb Code    52  stm32f1xx_hal_msp.o(i.HAL_MspInit)
    HAL_NVIC_EnableIRQ                       0x08000e85   Thumb Code    26  stm32f1xx_hal_cortex.o(i.HAL_NVIC_EnableIRQ)
    HAL_NVIC_SetPriority                     0x08000ea1   Thumb Code    60  stm32f1xx_hal_cortex.o(i.HAL_NVIC_SetPriority)
    HAL_NVIC_SetPriorityGrouping             0x08000ee1   Thumb Code    26  stm32f1xx_hal_cortex.o(i.HAL_NVIC_SetPriorityGrouping)
    HAL_RCC_ClockConfig                      0x08000f05   Thumb Code   280  stm32f1xx_hal_rcc.o(i.HAL_RCC_ClockConfig)
    HAL_RCC_GetPCLK1Freq                     0x08001031   Thumb Code    20  stm32f1xx_hal_rcc.o(i.HAL_RCC_GetPCLK1Freq)
    HAL_RCC_GetPCLK2Freq                     0x08001051   Thumb Code    20  stm32f1xx_hal_rcc.o(i.HAL_RCC_GetPCLK2Freq)
    HAL_RCC_GetSysClockFreq                  0x08001071   Thumb Code    74  stm32f1xx_hal_rcc.o(i.HAL_RCC_GetSysClockFreq)
    HAL_RCC_OscConfig                        0x080010dd   Thumb Code   778  stm32f1xx_hal_rcc.o(i.HAL_RCC_OscConfig)
    HAL_SYSTICK_CLKSourceConfig              0x080013fd   Thumb Code    24  stm32f1xx_hal_cortex.o(i.HAL_SYSTICK_CLKSourceConfig)
    HAL_SYSTICK_Config                       0x08001415   Thumb Code    40  stm32f1xx_hal_cortex.o(i.HAL_SYSTICK_Config)
    HAL_TIMEx_BreakCallback                  0x0800143d   Thumb Code     2  stm32f1xx_hal_tim_ex.o(i.HAL_TIMEx_BreakCallback)
    HAL_TIMEx_CommutCallback                 0x0800143f   Thumb Code     2  stm32f1xx_hal_tim_ex.o(i.HAL_TIMEx_CommutCallback)
    HAL_TIMEx_ConfigBreakDeadTime            0x08001441   Thumb Code    84  stm32f1xx_hal_tim_ex.o(i.HAL_TIMEx_ConfigBreakDeadTime)
    HAL_TIMEx_MasterConfigSynchronization    0x08001495   Thumb Code    92  stm32f1xx_hal_tim_ex.o(i.HAL_TIMEx_MasterConfigSynchronization)
    HAL_TIM_Base_Init                        0x080014fd   Thumb Code    90  stm32f1xx_hal_tim.o(i.HAL_TIM_Base_Init)
    HAL_TIM_Base_MspInit                     0x08001559   Thumb Code    50  tim.o(i.HAL_TIM_Base_MspInit)
    HAL_TIM_Base_Start_IT                    0x08001595   Thumb Code    76  stm32f1xx_hal_tim.o(i.HAL_TIM_Base_Start_IT)
    HAL_TIM_ConfigClockSource                0x080015ed   Thumb Code   214  stm32f1xx_hal_tim.o(i.HAL_TIM_ConfigClockSource)
    HAL_TIM_Encoder_Init                     0x080016c3   Thumb Code   164  stm32f1xx_hal_tim.o(i.HAL_TIM_Encoder_Init)
    HAL_TIM_Encoder_MspInit                  0x08001769   Thumb Code   122  tim.o(i.HAL_TIM_Encoder_MspInit)
    HAL_TIM_Encoder_Start                    0x080017f5   Thumb Code   142  stm32f1xx_hal_tim.o(i.HAL_TIM_Encoder_Start)
    HAL_TIM_IC_CaptureCallback               0x08001883   Thumb Code     2  stm32f1xx_hal_tim.o(i.HAL_TIM_IC_CaptureCallback)
    HAL_TIM_IRQHandler                       0x08001885   Thumb Code   358  stm32f1xx_hal_tim.o(i.HAL_TIM_IRQHandler)
    HAL_TIM_MspPostInit                      0x080019ed   Thumb Code    64  tim.o(i.HAL_TIM_MspPostInit)
    HAL_TIM_OC_DelayElapsedCallback          0x08001a39   Thumb Code     2  stm32f1xx_hal_tim.o(i.HAL_TIM_OC_DelayElapsedCallback)
    HAL_TIM_PWM_ConfigChannel                0x08001a3b   Thumb Code   198  stm32f1xx_hal_tim.o(i.HAL_TIM_PWM_ConfigChannel)
    HAL_TIM_PWM_Init                         0x08001b01   Thumb Code    90  stm32f1xx_hal_tim.o(i.HAL_TIM_PWM_Init)
    HAL_TIM_PWM_MspInit                      0x08001b5d   Thumb Code    30  tim.o(i.HAL_TIM_PWM_MspInit)
    HAL_TIM_PWM_PulseFinishedCallback        0x08001b85   Thumb Code     2  stm32f1xx_hal_tim.o(i.HAL_TIM_PWM_PulseFinishedCallback)
    HAL_TIM_PWM_Start                        0x08001b89   Thumb Code   144  stm32f1xx_hal_tim.o(i.HAL_TIM_PWM_Start)
    HAL_TIM_PeriodElapsedCallback            0x08001c25   Thumb Code   316  main.o(i.HAL_TIM_PeriodElapsedCallback)
    HAL_TIM_TriggerCallback                  0x08001d8d   Thumb Code     2  stm32f1xx_hal_tim.o(i.HAL_TIM_TriggerCallback)
    HAL_UARTEx_RxEventCallback               0x08001d8f   Thumb Code     2  stm32f1xx_hal_uart.o(i.HAL_UARTEx_RxEventCallback)
    HAL_UART_ErrorCallback                   0x08001d91   Thumb Code     2  stm32f1xx_hal_uart.o(i.HAL_UART_ErrorCallback)
    HAL_UART_IRQHandler                      0x08001d95   Thumb Code   520  stm32f1xx_hal_uart.o(i.HAL_UART_IRQHandler)
    HAL_UART_Init                            0x08001fa1   Thumb Code    98  stm32f1xx_hal_uart.o(i.HAL_UART_Init)
    HAL_UART_MspInit                         0x08002005   Thumb Code   186  usart.o(i.HAL_UART_MspInit)
    HAL_UART_RxCpltCallback                  0x080020d5   Thumb Code     2  stm32f1xx_hal_uart.o(i.HAL_UART_RxCpltCallback)
    HAL_UART_Transmit                        0x080020d9   Thumb Code   178  stm32f1xx_hal_uart.o(i.HAL_UART_Transmit)
    HAL_UART_TxCpltCallback                  0x0800218b   Thumb Code     2  stm32f1xx_hal_uart.o(i.HAL_UART_TxCpltCallback)
    HardFault_Handler                        0x0800218d   Thumb Code     2  stm32f1xx_it.o(i.HardFault_Handler)
    IIC_Ack                                  0x08002191   Thumb Code    56  myiic.o(i.IIC_Ack)
    IIC_Init                                 0x080021d1   Thumb Code    14  myiic.o(i.IIC_Init)
    IIC_NAck                                 0x080021e5   Thumb Code    56  myiic.o(i.IIC_NAck)
    IIC_Read_Byte                            0x08002225   Thumb Code   100  myiic.o(i.IIC_Read_Byte)
    IIC_Send_Byte                            0x08002291   Thumb Code    86  myiic.o(i.IIC_Send_Byte)
    IIC_Start                                0x080022f1   Thumb Code    56  myiic.o(i.IIC_Start)
    IIC_Stop                                 0x08002331   Thumb Code    58  myiic.o(i.IIC_Stop)
    IIC_Wait_Ack                             0x08002375   Thumb Code    78  myiic.o(i.IIC_Wait_Ack)
    IMU_getValues_mpu6050                    0x08002779   Thumb Code   294  attitude_solution.o(i.IMU_getValues_mpu6050)
    IMU_quaterToEulerianAngles_mpu6050       0x080028d1   Thumb Code   346  attitude_solution.o(i.IMU_quaterToEulerianAngles_mpu6050)
    MPU_Get_Accelerometer                    0x08002a3d   Thumb Code    50  mpu6050.o(i.MPU_Get_Accelerometer)
    MPU_Get_Gyroscope                        0x08002a6f   Thumb Code    50  mpu6050.o(i.MPU_Get_Gyroscope)
    MPU_Init                                 0x08002aa1   Thumb Code   128  mpu6050.o(i.MPU_Init)
    MPU_Read_Byte                            0x08002b31   Thumb Code    58  mpu6050.o(i.MPU_Read_Byte)
    MPU_Read_Len                             0x08002b6d   Thumb Code   108  mpu6050.o(i.MPU_Read_Len)
    MPU_Set_Accel_Fsr                        0x08002bd9   Thumb Code    10  mpu6050.o(i.MPU_Set_Accel_Fsr)
    MPU_Set_Gyro_Fsr                         0x08002be3   Thumb Code    10  mpu6050.o(i.MPU_Set_Gyro_Fsr)
    MPU_Set_LPF                              0x08002bed   Thumb Code    48  mpu6050.o(i.MPU_Set_LPF)
    MPU_Set_Rate                             0x08002c1d   Thumb Code    46  mpu6050.o(i.MPU_Set_Rate)
    MPU_Write_Byte                           0x08002c4b   Thumb Code    60  mpu6050.o(i.MPU_Write_Byte)
    MX_GPIO_Init                             0x08002c89   Thumb Code   180  gpio.o(i.MX_GPIO_Init)
    MX_TIM1_Init                             0x08002d49   Thumb Code   166  tim.o(i.MX_TIM1_Init)
    MX_TIM2_Init                             0x08002df9   Thumb Code   102  tim.o(i.MX_TIM2_Init)
    MX_TIM3_Init                             0x08002e65   Thumb Code    94  tim.o(i.MX_TIM3_Init)
    MX_TIM4_Init                             0x08002ecd   Thumb Code   100  tim.o(i.MX_TIM4_Init)
    MX_USART1_UART_Init                      0x08002f39   Thumb Code    48  usart.o(i.MX_USART1_UART_Init)
    MX_USART3_UART_Init                      0x08002f71   Thumb Code    48  usart.o(i.MX_USART3_UART_Init)
    MemManage_Handler                        0x08002fa9   Thumb Code     2  stm32f1xx_it.o(i.MemManage_Handler)
    NMI_Handler                              0x08002fab   Thumb Code     2  stm32f1xx_it.o(i.NMI_Handler)
    OLED_Clear                               0x08002fad   Thumb Code    58  oled.o(i.OLED_Clear)
    OLED_Float                               0x08002fe9   Thumb Code   346  oled.o(i.OLED_Float)
    OLED_IIC_Start                           0x08003149   Thumb Code    48  oled.o(i.OLED_IIC_Start)
    OLED_IIC_Stop                            0x0800317d   Thumb Code    38  oled.o(i.OLED_IIC_Stop)
    OLED_IIC_Wait_Ack                        0x080031a9   Thumb Code    28  oled.o(i.OLED_IIC_Wait_Ack)
    OLED_Init                                0x080031c9   Thumb Code   230  oled.o(i.OLED_Init)
    OLED_Num2                                0x080032af   Thumb Code   104  oled.o(i.OLED_Num2)
    OLED_Num_write                           0x08003319   Thumb Code    48  oled.o(i.OLED_Num_write)
    OLED_Set_Pos                             0x0800334d   Thumb Code    42  oled.o(i.OLED_Set_Pos)
    OLED_ShowChar                            0x08003379   Thumb Code   128  oled.o(i.OLED_ShowChar)
    OLED_ShowString                          0x08003401   Thumb Code    50  oled.o(i.OLED_ShowString)
    OLED_WR_Byte                             0x08003433   Thumb Code    12  oled.o(i.OLED_WR_Byte)
    OLED_Write_IIC_Byte                      0x08003441   Thumb Code    76  oled.o(i.OLED_Write_IIC_Byte)
    OLED_Write_IIC_Command                   0x08003491   Thumb Code    46  oled.o(i.OLED_Write_IIC_Command)
    OLED_Write_IIC_Data                      0x080034bf   Thumb Code    46  oled.o(i.OLED_Write_IIC_Data)
    OLED_fuhao_write                         0x080034ed   Thumb Code    44  oled.o(i.OLED_fuhao_write)
    PIDInit                                  0x0800351d   Thumb Code     6  pid.o(i.PIDInit)
    PID_A                                    0x08003525   Thumb Code   124  pid.o(i.PID_A)
    PID_V                                    0x080035a9   Thumb Code    90  pid.o(i.PID_V)
    PID_W                                    0x08003605   Thumb Code   104  pid.o(i.PID_W)
    PendSV_Handler                           0x08003671   Thumb Code     2  stm32f1xx_it.o(i.PendSV_Handler)
    Read_Encoder                             0x08003675   Thumb Code    44  encoder.o(i.Read_Encoder)
    SVC_Handler                              0x080036a9   Thumb Code     2  stm32f1xx_it.o(i.SVC_Handler)
    Set_Pwm                                  0x080036ad   Thumb Code   172  mortor.o(i.Set_Pwm)
    SysTick_Handler                          0x08003761   Thumb Code     4  stm32f1xx_it.o(i.SysTick_Handler)
    SystemClock_Config                       0x08003765   Thumb Code    94  main.o(i.SystemClock_Config)
    SystemInit                               0x080037c3   Thumb Code     2  system_stm32f1xx.o(i.SystemInit)
    TIM3_IRQHandler                          0x080037c5   Thumb Code     6  stm32f1xx_it.o(i.TIM3_IRQHandler)
    TIM_Base_SetConfig                       0x080037d1   Thumb Code    94  stm32f1xx_hal_tim.o(i.TIM_Base_SetConfig)
    TIM_CCxChannelCmd                        0x0800383d   Thumb Code    26  stm32f1xx_hal_tim.o(i.TIM_CCxChannelCmd)
    TIM_ETR_SetConfig                        0x08003857   Thumb Code    20  stm32f1xx_hal_tim.o(i.TIM_ETR_SetConfig)
    TIM_OC2_SetConfig                        0x080038cd   Thumb Code    84  stm32f1xx_hal_tim.o(i.TIM_OC2_SetConfig)
    USART3_IRQHandler                        0x08003c19   Thumb Code     6  stm32f1xx_it.o(i.USART3_IRQHandler)
    UsageFault_Handler                       0x08003c25   Thumb Code     2  stm32f1xx_it.o(i.UsageFault_Handler)
    __0printf                                0x08003c29   Thumb Code    22  printfa.o(i.__0printf)
    __1printf                                0x08003c29   Thumb Code     0  printfa.o(i.__0printf)
    __2printf                                0x08003c29   Thumb Code     0  printfa.o(i.__0printf)
    __c89printf                              0x08003c29   Thumb Code     0  printfa.o(i.__0printf)
    printf                                   0x08003c29   Thumb Code     0  printfa.o(i.__0printf)
    __ARM_fpclassify                         0x08003c49   Thumb Code    40  fpclassify.o(i.__ARM_fpclassify)
    __kernel_poly                            0x08003c91   Thumb Code   170  poly.o(i.__kernel_poly)
    __mathlib_dbl_infnan                     0x08003d3b   Thumb Code     6  dunder.o(i.__mathlib_dbl_infnan)
    __mathlib_dbl_infnan2                    0x08003d41   Thumb Code     4  dunder.o(i.__mathlib_dbl_infnan2)
    __mathlib_dbl_invalid                    0x08003d45   Thumb Code    12  dunder.o(i.__mathlib_dbl_invalid)
    __mathlib_dbl_underflow                  0x08003d51   Thumb Code    10  dunder.o(i.__mathlib_dbl_underflow)
    __scatterload_copy                       0x08003d61   Thumb Code    14  handlers.o(i.__scatterload_copy)
    __scatterload_null                       0x08003d6f   Thumb Code     2  handlers.o(i.__scatterload_null)
    __scatterload_zeroinit                   0x08003d71   Thumb Code    14  handlers.o(i.__scatterload_zeroinit)
    __set_errno                              0x08003d81   Thumb Code     6  errno.o(i.__set_errno)
    asin                                     0x08004641   Thumb Code   572  asin.o(i.asin)
    atan                                     0x080048b1   Thumb Code   474  atan.o(i.atan)
    atan2                                    0x08004ad1   Thumb Code   346  atan2.o(i.atan2)
    delay_init                               0x08004c51   Thumb Code    16  delay.o(i.delay_init)
    delay_ms                                 0x08004c65   Thumb Code    26  delay.o(i.delay_ms)
    delay_us                                 0x08004c81   Thumb Code    48  delay.o(i.delay_us)
    fputc                                    0x08004cb5   Thumb Code    24  main.o(i.fputc)
    invSqrt                                  0x08004cd1   Thumb Code    48  attitude_solution.o(i.invSqrt)
    main                                     0x08004d05   Thumb Code   228  main.o(i.main)
    myabs                                    0x08004e2d   Thumb Code     8  mortor.o(i.myabs)
    oled_first_show                          0x08004e35   Thumb Code    54  oled.o(i.oled_first_show)
    oled_show                                0x08004e89   Thumb Code   102  oled.o(i.oled_show)
    sqrt                                     0x08004f09   Thumb Code    76  sqrt.o(i.sqrt)
    F6x8                                     0x08004f54   Data         552  oledfont.o(.constdata)
    F8X16                                    0x0800517c   Data        1520  oledfont.o(.constdata)
    AHBPrescTable                            0x0800576c   Data          16  system_stm32f1xx.o(.constdata)
    APBPrescTable                            0x0800577c   Data           8  system_stm32f1xx.o(.constdata)
    __mathlib_zero                           0x08005870   Data           8  qnan.o(.constdata)
    Region$$Table$$Base                      0x08005878   Number         0  anon$$obj.o(Region$$Table)
    Region$$Table$$Limit                     0x08005898   Number         0  anon$$obj.o(Region$$Table)
    param_Kp                                 0x20000000   Data           4  attitude_solution.o(.data)
    param_Ki                                 0x20000004   Data           4  attitude_solution.o(.data)
    I_ex                                     0x20000008   Data           4  attitude_solution.o(.data)
    I_ey                                     0x2000000c   Data           4  attitude_solution.o(.data)
    I_ez                                     0x20000010   Data           4  attitude_solution.o(.data)
    Q_info_mpu6050                           0x20000014   Data          16  attitude_solution.o(.data)
    tim_cnt_5                                0x20000028   Data           2  main.o(.data)
    tim_cnt_10                               0x2000002a   Data           2  main.o(.data)
    tim_cnt_20                               0x2000002c   Data           2  main.o(.data)
    aacx                                     0x2000002e   Data           2  main.o(.data)
    aacy                                     0x20000030   Data           2  main.o(.data)
    aacz                                     0x20000032   Data           2  main.o(.data)
    gyrox                                    0x20000034   Data           2  main.o(.data)
    gyroy                                    0x20000036   Data           2  main.o(.data)
    gyroz                                    0x20000038   Data           2  main.o(.data)
    Left_encoder                             0x2000003c   Data           4  main.o(.data)
    Right_encoder                            0x20000040   Data           4  main.o(.data)
    vPIDOutput                               0x20000044   Data           4  main.o(.data)
    aPIDOutput                               0x20000048   Data           4  main.o(.data)
    wPIDOutput                               0x2000004c   Data           4  main.o(.data)
    Encoder_Least                            0x20000050   Data           4  main.o(.data)
    Encoder                                  0x20000054   Data           4  main.o(.data)
    mechanicalZero                           0x20000058   Data           4  main.o(.data)
    pitch                                    0x2000005c   Data           4  main.o(.data)
    uwTickFreq                               0x20000060   Data           1  stm32f1xx_hal.o(.data)
    uwTickPrio                               0x20000064   Data           4  stm32f1xx_hal.o(.data)
    uwTick                                   0x20000068   Data           4  stm32f1xx_hal.o(.data)
    SystemCoreClock                          0x2000006c   Data           4  system_stm32f1xx.o(.data)
    __stdout                                 0x20000070   Data           4  stdout.o(.data)
    eulerAngle_mpu6050                       0x20000090   Data          12  attitude_solution.o(.bss)
    values_mpu6050                           0x2000009c   Data          40  attitude_solution.o(.bss)
    wPID                                     0x200000c8   Data          56  main.o(.bss)
    vPID                                     0x20000100   Data          56  main.o(.bss)
    aPID                                     0x20000138   Data          56  main.o(.bss)
    htim1                                    0x20000170   Data          72  tim.o(.bss)
    htim2                                    0x200001b8   Data          72  tim.o(.bss)
    htim3                                    0x20000200   Data          72  tim.o(.bss)
    htim4                                    0x20000248   Data          72  tim.o(.bss)
    huart1                                   0x20000290   Data          68  usart.o(.bss)
    huart3                                   0x200002d4   Data          68  usart.o(.bss)
    __initial_sp                             0x20000718   Data           0  startup_stm32f103xb.o(STACK)



==============================================================================

Memory Map of the image

  Image Entry point : 0x080000ed

  Load Region LR_IROM1 (Base: 0x08000000, Size: 0x00005910, Max: 0x00010000, ABSOLUTE)

    Execution Region ER_IROM1 (Exec base: 0x08000000, Load base: 0x08000000, Size: 0x00005898, Max: 0x00010000, ABSOLUTE)

    Exec Addr    Load Addr    Size         Type   Attr      Idx    E Section Name        Object

    0x08000000   0x08000000   0x000000ec   Data   RO            3    RESET               startup_stm32f103xb.o
    0x080000ec   0x080000ec   0x00000000   Code   RO         3598  * .ARM.Collect$$$$00000000  mc_w.l(entry.o)
    0x080000ec   0x080000ec   0x00000004   Code   RO         3935    .ARM.Collect$$$$00000001  mc_w.l(entry2.o)
    0x080000f0   0x080000f0   0x00000004   Code   RO         3938    .ARM.Collect$$$$00000004  mc_w.l(entry5.o)
    0x080000f4   0x080000f4   0x00000000   Code   RO         3940    .ARM.Collect$$$$00000008  mc_w.l(entry7b.o)
    0x080000f4   0x080000f4   0x00000000   Code   RO         3942    .ARM.Collect$$$$0000000A  mc_w.l(entry8b.o)
    0x080000f4   0x080000f4   0x00000008   Code   RO         3943    .ARM.Collect$$$$0000000B  mc_w.l(entry9a.o)
    0x080000fc   0x080000fc   0x00000000   Code   RO         3945    .ARM.Collect$$$$0000000D  mc_w.l(entry10a.o)
    0x080000fc   0x080000fc   0x00000000   Code   RO         3947    .ARM.Collect$$$$0000000F  mc_w.l(entry11a.o)
    0x080000fc   0x080000fc   0x00000004   Code   RO         3936    .ARM.Collect$$$$00002712  mc_w.l(entry2.o)
    0x08000100   0x08000100   0x00000024   Code   RO            4    .text               startup_stm32f103xb.o
    0x08000124   0x08000124   0x00000020   Code   RO         3601    .text               mc_w.l(llushr.o)
    0x08000144   0x08000144   0x00000024   Code   RO         3603    .text               mc_w.l(memseta.o)
    0x08000168   0x08000168   0x000000b0   Code   RO         3866    .text               mf_w.l(fadd.o)
    0x08000218   0x08000218   0x00000064   Code   RO         3868    .text               mf_w.l(fmul.o)
    0x0800027c   0x0800027c   0x0000007c   Code   RO         3870    .text               mf_w.l(fdiv.o)
    0x080002f8   0x080002f8   0x00000018   Code   RO         3872    .text               mf_w.l(fscalb.o)
    0x08000310   0x08000310   0x0000014e   Code   RO         3874    .text               mf_w.l(dadd.o)
    0x0800045e   0x0800045e   0x000000e4   Code   RO         3876    .text               mf_w.l(dmul.o)
    0x08000542   0x08000542   0x000000de   Code   RO         3878    .text               mf_w.l(ddiv.o)
    0x08000620   0x08000620   0x00000012   Code   RO         3880    .text               mf_w.l(fflti.o)
    0x08000632   0x08000632   0x00000022   Code   RO         3882    .text               mf_w.l(dflti.o)
    0x08000654   0x08000654   0x00000032   Code   RO         3886    .text               mf_w.l(ffixi.o)
    0x08000686   0x08000686   0x0000003e   Code   RO         3888    .text               mf_w.l(dfixi.o)
    0x080006c4   0x080006c4   0x00000032   Code   RO         3890    .text               mf_w.l(dfixui.o)
    0x080006f6   0x080006f6   0x00000026   Code   RO         3892    .text               mf_w.l(f2d.o)
    0x0800071c   0x0800071c   0x00000030   Code   RO         3894    .text               mf_w.l(cdcmple.o)
    0x0800074c   0x0800074c   0x00000038   Code   RO         3896    .text               mf_w.l(d2f.o)
    0x08000784   0x08000784   0x0000002c   Code   RO         3950    .text               mc_w.l(uidiv.o)
    0x080007b0   0x080007b0   0x00000062   Code   RO         3952    .text               mc_w.l(uldiv.o)
    0x08000812   0x08000812   0x0000001e   Code   RO         3954    .text               mc_w.l(llshl.o)
    0x08000830   0x08000830   0x00000024   Code   RO         3956    .text               mc_w.l(llsshr.o)
    0x08000854   0x08000854   0x00000000   Code   RO         3965    .text               mc_w.l(iusefp.o)
    0x08000854   0x08000854   0x0000006e   Code   RO         3966    .text               mf_w.l(fepilogue.o)
    0x080008c2   0x080008c2   0x000000ba   Code   RO         3968    .text               mf_w.l(depilogue.o)
    0x0800097c   0x0800097c   0x0000002e   Code   RO         3970    .text               mf_w.l(dscalb.o)
    0x080009aa   0x080009aa   0x00000030   Code   RO         3972    .text               mf_w.l(dfixul.o)
    0x080009da   0x080009da   0x00000002   PAD
    0x080009dc   0x080009dc   0x00000030   Code   RO         3974    .text               mf_w.l(cdrcmple.o)
    0x08000a0c   0x08000a0c   0x00000024   Code   RO         3976    .text               mc_w.l(init.o)
    0x08000a30   0x08000a30   0x000000a2   Code   RO         3978    .text               mf_w.l(dsqrt.o)
    0x08000ad2   0x08000ad2   0x00000002   Code   RO         1092    i.BusFault_Handler  stm32f1xx_it.o
    0x08000ad4   0x08000ad4   0x00000002   Code   RO         1093    i.DebugMon_Handler  stm32f1xx_it.o
    0x08000ad6   0x08000ad6   0x00000004   Code   RO          865    i.Error_Handler     main.o
    0x08000ada   0x08000ada   0x00000046   Code   RO         2592    i.HAL_DMA_Abort     stm32f1xx_hal_dma.o
    0x08000b20   0x08000b20   0x00000098   Code   RO         2593    i.HAL_DMA_Abort_IT  stm32f1xx_hal_dma.o
    0x08000bb8   0x08000bb8   0x00000024   Code   RO         2220    i.HAL_Delay         stm32f1xx_hal.o
    0x08000bdc   0x08000bdc   0x000001e0   Code   RO         2528    i.HAL_GPIO_Init     stm32f1xx_hal_gpio.o
    0x08000dbc   0x08000dbc   0x0000000a   Code   RO         2532    i.HAL_GPIO_WritePin  stm32f1xx_hal_gpio.o
    0x08000dc6   0x08000dc6   0x00000002   PAD
    0x08000dc8   0x08000dc8   0x0000000c   Code   RO         2224    i.HAL_GetTick       stm32f1xx_hal.o
    0x08000dd4   0x08000dd4   0x00000010   Code   RO         2230    i.HAL_IncTick       stm32f1xx_hal.o
    0x08000de4   0x08000de4   0x00000024   Code   RO         2231    i.HAL_Init          stm32f1xx_hal.o
    0x08000e08   0x08000e08   0x00000040   Code   RO         2232    i.HAL_InitTick      stm32f1xx_hal.o
    0x08000e48   0x08000e48   0x0000003c   Code   RO         1180    i.HAL_MspInit       stm32f1xx_hal_msp.o
    0x08000e84   0x08000e84   0x0000001a   Code   RO         2688    i.HAL_NVIC_EnableIRQ  stm32f1xx_hal_cortex.o
    0x08000e9e   0x08000e9e   0x00000002   PAD
    0x08000ea0   0x08000ea0   0x00000040   Code   RO         2694    i.HAL_NVIC_SetPriority  stm32f1xx_hal_cortex.o
    0x08000ee0   0x08000ee0   0x00000024   Code   RO         2695    i.HAL_NVIC_SetPriorityGrouping  stm32f1xx_hal_cortex.o
    0x08000f04   0x08000f04   0x0000012c   Code   RO         2388    i.HAL_RCC_ClockConfig  stm32f1xx_hal_rcc.o
    0x08001030   0x08001030   0x00000020   Code   RO         2395    i.HAL_RCC_GetPCLK1Freq  stm32f1xx_hal_rcc.o
    0x08001050   0x08001050   0x00000020   Code   RO         2396    i.HAL_RCC_GetPCLK2Freq  stm32f1xx_hal_rcc.o
    0x08001070   0x08001070   0x0000006c   Code   RO         2397    i.HAL_RCC_GetSysClockFreq  stm32f1xx_hal_rcc.o
    0x080010dc   0x080010dc   0x00000320   Code   RO         2400    i.HAL_RCC_OscConfig  stm32f1xx_hal_rcc.o
    0x080013fc   0x080013fc   0x00000018   Code   RO         2697    i.HAL_SYSTICK_CLKSourceConfig  stm32f1xx_hal_cortex.o
    0x08001414   0x08001414   0x00000028   Code   RO         2699    i.HAL_SYSTICK_Config  stm32f1xx_hal_cortex.o
    0x0800143c   0x0800143c   0x00000002   Code   RO         1946    i.HAL_TIMEx_BreakCallback  stm32f1xx_hal_tim_ex.o
    0x0800143e   0x0800143e   0x00000002   Code   RO         1947    i.HAL_TIMEx_CommutCallback  stm32f1xx_hal_tim_ex.o
    0x08001440   0x08001440   0x00000054   Code   RO         1949    i.HAL_TIMEx_ConfigBreakDeadTime  stm32f1xx_hal_tim_ex.o
    0x08001494   0x08001494   0x00000068   Code   RO         1965    i.HAL_TIMEx_MasterConfigSynchronization  stm32f1xx_hal_tim_ex.o
    0x080014fc   0x080014fc   0x0000005a   Code   RO         1242    i.HAL_TIM_Base_Init  stm32f1xx_hal_tim.o
    0x08001556   0x08001556   0x00000002   PAD
    0x08001558   0x08001558   0x0000003c   Code   RO          955    i.HAL_TIM_Base_MspInit  tim.o
    0x08001594   0x08001594   0x00000058   Code   RO         1247    i.HAL_TIM_Base_Start_IT  stm32f1xx_hal_tim.o
    0x080015ec   0x080015ec   0x000000d6   Code   RO         1251    i.HAL_TIM_ConfigClockSource  stm32f1xx_hal_tim.o
    0x080016c2   0x080016c2   0x000000a4   Code   RO         1263    i.HAL_TIM_Encoder_Init  stm32f1xx_hal_tim.o
    0x08001766   0x08001766   0x00000002   PAD
    0x08001768   0x08001768   0x0000008c   Code   RO          957    i.HAL_TIM_Encoder_MspInit  tim.o
    0x080017f4   0x080017f4   0x0000008e   Code   RO         1266    i.HAL_TIM_Encoder_Start  stm32f1xx_hal_tim.o
    0x08001882   0x08001882   0x00000002   Code   RO         1276    i.HAL_TIM_IC_CaptureCallback  stm32f1xx_hal_tim.o
    0x08001884   0x08001884   0x00000166   Code   RO         1290    i.HAL_TIM_IRQHandler  stm32f1xx_hal_tim.o
    0x080019ea   0x080019ea   0x00000002   PAD
    0x080019ec   0x080019ec   0x0000004c   Code   RO          958    i.HAL_TIM_MspPostInit  tim.o
    0x08001a38   0x08001a38   0x00000002   Code   RO         1293    i.HAL_TIM_OC_DelayElapsedCallback  stm32f1xx_hal_tim.o
    0x08001a3a   0x08001a3a   0x000000c6   Code   RO         1314    i.HAL_TIM_PWM_ConfigChannel  stm32f1xx_hal_tim.o
    0x08001b00   0x08001b00   0x0000005a   Code   RO         1317    i.HAL_TIM_PWM_Init  stm32f1xx_hal_tim.o
    0x08001b5a   0x08001b5a   0x00000002   PAD
    0x08001b5c   0x08001b5c   0x00000028   Code   RO          960    i.HAL_TIM_PWM_MspInit  tim.o
    0x08001b84   0x08001b84   0x00000002   Code   RO         1320    i.HAL_TIM_PWM_PulseFinishedCallback  stm32f1xx_hal_tim.o
    0x08001b86   0x08001b86   0x00000002   PAD
    0x08001b88   0x08001b88   0x0000009c   Code   RO         1322    i.HAL_TIM_PWM_Start  stm32f1xx_hal_tim.o
    0x08001c24   0x08001c24   0x00000168   Code   RO          866    i.HAL_TIM_PeriodElapsedCallback  main.o
    0x08001d8c   0x08001d8c   0x00000002   Code   RO         1333    i.HAL_TIM_TriggerCallback  stm32f1xx_hal_tim.o
    0x08001d8e   0x08001d8e   0x00000002   Code   RO         3199    i.HAL_UARTEx_RxEventCallback  stm32f1xx_hal_uart.o
    0x08001d90   0x08001d90   0x00000002   Code   RO         3213    i.HAL_UART_ErrorCallback  stm32f1xx_hal_uart.o
    0x08001d92   0x08001d92   0x00000002   PAD
    0x08001d94   0x08001d94   0x0000020c   Code   RO         3216    i.HAL_UART_IRQHandler  stm32f1xx_hal_uart.o
    0x08001fa0   0x08001fa0   0x00000062   Code   RO         3217    i.HAL_UART_Init     stm32f1xx_hal_uart.o
    0x08002002   0x08002002   0x00000002   PAD
    0x08002004   0x08002004   0x000000d0   Code   RO         1045    i.HAL_UART_MspInit  usart.o
    0x080020d4   0x080020d4   0x00000002   Code   RO         3223    i.HAL_UART_RxCpltCallback  stm32f1xx_hal_uart.o
    0x080020d6   0x080020d6   0x00000002   PAD
    0x080020d8   0x080020d8   0x000000b2   Code   RO         3225    i.HAL_UART_Transmit  stm32f1xx_hal_uart.o
    0x0800218a   0x0800218a   0x00000002   Code   RO         3228    i.HAL_UART_TxCpltCallback  stm32f1xx_hal_uart.o
    0x0800218c   0x0800218c   0x00000002   Code   RO         1094    i.HardFault_Handler  stm32f1xx_it.o
    0x0800218e   0x0800218e   0x00000002   PAD
    0x08002190   0x08002190   0x00000040   Code   RO          290    i.IIC_Ack           myiic.o
    0x080021d0   0x080021d0   0x00000014   Code   RO          291    i.IIC_Init          myiic.o
    0x080021e4   0x080021e4   0x00000040   Code   RO          292    i.IIC_NAck          myiic.o
    0x08002224   0x08002224   0x0000006c   Code   RO          293    i.IIC_Read_Byte     myiic.o
    0x08002290   0x08002290   0x00000060   Code   RO          294    i.IIC_Send_Byte     myiic.o
    0x080022f0   0x080022f0   0x00000040   Code   RO          295    i.IIC_Start         myiic.o
    0x08002330   0x08002330   0x00000044   Code   RO          296    i.IIC_Stop          myiic.o
    0x08002374   0x08002374   0x00000058   Code   RO          297    i.IIC_Wait_Ack      myiic.o
    0x080023cc   0x080023cc   0x000003ac   Code   RO          368    i.IMU_AHRSupdate_noMagnetic_mpu6050  attitude_solution.o
    0x08002778   0x08002778   0x00000158   Code   RO          369    i.IMU_getValues_mpu6050  attitude_solution.o
    0x080028d0   0x080028d0   0x0000016c   Code   RO          370    i.IMU_quaterToEulerianAngles_mpu6050  attitude_solution.o
    0x08002a3c   0x08002a3c   0x00000032   Code   RO           13    i.MPU_Get_Accelerometer  mpu6050.o
    0x08002a6e   0x08002a6e   0x00000032   Code   RO           14    i.MPU_Get_Gyroscope  mpu6050.o
    0x08002aa0   0x08002aa0   0x00000090   Code   RO           16    i.MPU_Init          mpu6050.o
    0x08002b30   0x08002b30   0x0000003a   Code   RO           17    i.MPU_Read_Byte     mpu6050.o
    0x08002b6a   0x08002b6a   0x00000002   PAD
    0x08002b6c   0x08002b6c   0x0000006c   Code   RO           18    i.MPU_Read_Len      mpu6050.o
    0x08002bd8   0x08002bd8   0x0000000a   Code   RO           19    i.MPU_Set_Accel_Fsr  mpu6050.o
    0x08002be2   0x08002be2   0x0000000a   Code   RO           20    i.MPU_Set_Gyro_Fsr  mpu6050.o
    0x08002bec   0x08002bec   0x00000030   Code   RO           21    i.MPU_Set_LPF       mpu6050.o
    0x08002c1c   0x08002c1c   0x0000002e   Code   RO           22    i.MPU_Set_Rate      mpu6050.o
    0x08002c4a   0x08002c4a   0x0000003c   Code   RO           23    i.MPU_Write_Byte    mpu6050.o
    0x08002c86   0x08002c86   0x00000002   PAD
    0x08002c88   0x08002c88   0x000000c0   Code   RO          930    i.MX_GPIO_Init      gpio.o
    0x08002d48   0x08002d48   0x000000b0   Code   RO          961    i.MX_TIM1_Init      tim.o
    0x08002df8   0x08002df8   0x0000006c   Code   RO          962    i.MX_TIM2_Init      tim.o
    0x08002e64   0x08002e64   0x00000068   Code   RO          963    i.MX_TIM3_Init      tim.o
    0x08002ecc   0x08002ecc   0x0000006c   Code   RO          964    i.MX_TIM4_Init      tim.o
    0x08002f38   0x08002f38   0x00000038   Code   RO         1046    i.MX_USART1_UART_Init  usart.o
    0x08002f70   0x08002f70   0x00000038   Code   RO         1047    i.MX_USART3_UART_Init  usart.o
    0x08002fa8   0x08002fa8   0x00000002   Code   RO         1095    i.MemManage_Handler  stm32f1xx_it.o
    0x08002faa   0x08002faa   0x00000002   Code   RO         1096    i.NMI_Handler       stm32f1xx_it.o
    0x08002fac   0x08002fac   0x0000003a   Code   RO          448    i.OLED_Clear        oled.o
    0x08002fe6   0x08002fe6   0x00000002   PAD
    0x08002fe8   0x08002fe8   0x00000160   Code   RO          452    i.OLED_Float        oled.o
    0x08003148   0x08003148   0x00000034   Code   RO          454    i.OLED_IIC_Start    oled.o
    0x0800317c   0x0800317c   0x0000002c   Code   RO          455    i.OLED_IIC_Stop     oled.o
    0x080031a8   0x080031a8   0x00000020   Code   RO          456    i.OLED_IIC_Wait_Ack  oled.o
    0x080031c8   0x080031c8   0x000000e6   Code   RO          457    i.OLED_Init         oled.o
    0x080032ae   0x080032ae   0x00000068   Code   RO          458    i.OLED_Num2         oled.o
    0x08003316   0x08003316   0x00000002   PAD
    0x08003318   0x08003318   0x00000034   Code   RO          462    i.OLED_Num_write    oled.o
    0x0800334c   0x0800334c   0x0000002a   Code   RO          464    i.OLED_Set_Pos      oled.o
    0x08003376   0x08003376   0x00000002   PAD
    0x08003378   0x08003378   0x00000088   Code   RO          466    i.OLED_ShowChar     oled.o
    0x08003400   0x08003400   0x00000032   Code   RO          468    i.OLED_ShowString   oled.o
    0x08003432   0x08003432   0x0000000c   Code   RO          469    i.OLED_WR_Byte      oled.o
    0x0800343e   0x0800343e   0x00000002   PAD
    0x08003440   0x08003440   0x00000050   Code   RO          470    i.OLED_Write_IIC_Byte  oled.o
    0x08003490   0x08003490   0x0000002e   Code   RO          471    i.OLED_Write_IIC_Command  oled.o
    0x080034be   0x080034be   0x0000002e   Code   RO          472    i.OLED_Write_IIC_Data  oled.o
    0x080034ec   0x080034ec   0x00000030   Code   RO          473    i.OLED_fuhao_write  oled.o
    0x0800351c   0x0800351c   0x00000006   Code   RO          774    i.PIDInit           pid.o
    0x08003522   0x08003522   0x00000002   PAD
    0x08003524   0x08003524   0x00000084   Code   RO          775    i.PID_A             pid.o
    0x080035a8   0x080035a8   0x0000005a   Code   RO          776    i.PID_V             pid.o
    0x08003602   0x08003602   0x00000002   PAD
    0x08003604   0x08003604   0x0000006c   Code   RO          777    i.PID_W             pid.o
    0x08003670   0x08003670   0x00000002   Code   RO         1097    i.PendSV_Handler    stm32f1xx_it.o
    0x08003672   0x08003672   0x00000002   PAD
    0x08003674   0x08003674   0x00000034   Code   RO          419    i.Read_Encoder      encoder.o
    0x080036a8   0x080036a8   0x00000002   Code   RO         1098    i.SVC_Handler       stm32f1xx_it.o
    0x080036aa   0x080036aa   0x00000002   PAD
    0x080036ac   0x080036ac   0x000000b4   Code   RO          729    i.Set_Pwm           mortor.o
    0x08003760   0x08003760   0x00000004   Code   RO         1099    i.SysTick_Handler   stm32f1xx_it.o
    0x08003764   0x08003764   0x0000005e   Code   RO          867    i.SystemClock_Config  main.o
    0x080037c2   0x080037c2   0x00000002   Code   RO         3546    i.SystemInit        system_stm32f1xx.o
    0x080037c4   0x080037c4   0x0000000c   Code   RO         1100    i.TIM3_IRQHandler   stm32f1xx_it.o
    0x080037d0   0x080037d0   0x0000006c   Code   RO         1335    i.TIM_Base_SetConfig  stm32f1xx_hal_tim.o
    0x0800383c   0x0800383c   0x0000001a   Code   RO         1336    i.TIM_CCxChannelCmd  stm32f1xx_hal_tim.o
    0x08003856   0x08003856   0x00000014   Code   RO         1346    i.TIM_ETR_SetConfig  stm32f1xx_hal_tim.o
    0x0800386a   0x0800386a   0x00000010   Code   RO         1347    i.TIM_ITRx_SetConfig  stm32f1xx_hal_tim.o
    0x0800387a   0x0800387a   0x00000002   PAD
    0x0800387c   0x0800387c   0x00000050   Code   RO         1348    i.TIM_OC1_SetConfig  stm32f1xx_hal_tim.o
    0x080038cc   0x080038cc   0x00000058   Code   RO         1349    i.TIM_OC2_SetConfig  stm32f1xx_hal_tim.o
    0x08003924   0x08003924   0x00000058   Code   RO         1350    i.TIM_OC3_SetConfig  stm32f1xx_hal_tim.o
    0x0800397c   0x0800397c   0x00000044   Code   RO         1351    i.TIM_OC4_SetConfig  stm32f1xx_hal_tim.o
    0x080039c0   0x080039c0   0x00000022   Code   RO         1353    i.TIM_TI1_ConfigInputStage  stm32f1xx_hal_tim.o
    0x080039e2   0x080039e2   0x00000024   Code   RO         1355    i.TIM_TI2_ConfigInputStage  stm32f1xx_hal_tim.o
    0x08003a06   0x08003a06   0x00000010   Code   RO         3230    i.UART_DMAAbortOnError  stm32f1xx_hal_uart.o
    0x08003a16   0x08003a16   0x00000030   Code   RO         3240    i.UART_EndRxTransfer  stm32f1xx_hal_uart.o
    0x08003a46   0x08003a46   0x000000b6   Code   RO         3242    i.UART_Receive_IT   stm32f1xx_hal_uart.o
    0x08003afc   0x08003afc   0x000000b8   Code   RO         3243    i.UART_SetConfig    stm32f1xx_hal_uart.o
    0x08003bb4   0x08003bb4   0x00000064   Code   RO         3246    i.UART_WaitOnFlagUntilTimeout  stm32f1xx_hal_uart.o
    0x08003c18   0x08003c18   0x0000000c   Code   RO         1101    i.USART3_IRQHandler  stm32f1xx_it.o
    0x08003c24   0x08003c24   0x00000002   Code   RO         1102    i.UsageFault_Handler  stm32f1xx_it.o
    0x08003c26   0x08003c26   0x00000002   PAD
    0x08003c28   0x08003c28   0x00000020   Code   RO         3838    i.__0printf         mc_w.l(printfa.o)
    0x08003c48   0x08003c48   0x00000028   Code   RO         3922    i.__ARM_fpclassify  m_ws.l(fpclassify.o)
    0x08003c70   0x08003c70   0x00000020   Code   RO         2701    i.__NVIC_SetPriority  stm32f1xx_hal_cortex.o
    0x08003c90   0x08003c90   0x000000aa   Code   RO         3924    i.__kernel_poly     m_ws.l(poly.o)
    0x08003d3a   0x08003d3a   0x00000006   Code   RO         3909    i.__mathlib_dbl_infnan  m_ws.l(dunder.o)
    0x08003d40   0x08003d40   0x00000004   Code   RO         3910    i.__mathlib_dbl_infnan2  m_ws.l(dunder.o)
    0x08003d44   0x08003d44   0x0000000c   Code   RO         3911    i.__mathlib_dbl_invalid  m_ws.l(dunder.o)
    0x08003d50   0x08003d50   0x00000010   Code   RO         3914    i.__mathlib_dbl_underflow  m_ws.l(dunder.o)
    0x08003d60   0x08003d60   0x0000000e   Code   RO         3982    i.__scatterload_copy  mc_w.l(handlers.o)
    0x08003d6e   0x08003d6e   0x00000002   Code   RO         3983    i.__scatterload_null  mc_w.l(handlers.o)
    0x08003d70   0x08003d70   0x0000000e   Code   RO         3984    i.__scatterload_zeroinit  mc_w.l(handlers.o)
    0x08003d7e   0x08003d7e   0x00000002   PAD
    0x08003d80   0x08003d80   0x0000000c   Code   RO         3960    i.__set_errno       mc_w.l(errno.o)
    0x08003d8c   0x08003d8c   0x00000184   Code   RO         3845    i._fp_digits        mc_w.l(printfa.o)
    0x08003f10   0x08003f10   0x000006dc   Code   RO         3846    i._printf_core      mc_w.l(printfa.o)
    0x080045ec   0x080045ec   0x00000024   Code   RO         3847    i._printf_post_padding  mc_w.l(printfa.o)
    0x08004610   0x08004610   0x0000002e   Code   RO         3848    i._printf_pre_padding  mc_w.l(printfa.o)
    0x0800463e   0x0800463e   0x00000002   PAD
    0x08004640   0x08004640   0x00000270   Code   RO         3581    i.asin              m_ws.l(asin.o)
    0x080048b0   0x080048b0   0x00000220   Code   RO         3899    i.atan              m_ws.l(atan.o)
    0x08004ad0   0x08004ad0   0x00000180   Code   RO         3591    i.atan2             m_ws.l(atan2.o)
    0x08004c50   0x08004c50   0x00000014   Code   RO          824    i.delay_init        delay.o
    0x08004c64   0x08004c64   0x0000001a   Code   RO          825    i.delay_ms          delay.o
    0x08004c7e   0x08004c7e   0x00000002   PAD
    0x08004c80   0x08004c80   0x00000034   Code   RO          826    i.delay_us          delay.o
    0x08004cb4   0x08004cb4   0x0000001c   Code   RO          868    i.fputc             main.o
    0x08004cd0   0x08004cd0   0x00000034   Code   RO          371    i.invSqrt           attitude_solution.o
    0x08004d04   0x08004d04   0x00000128   Code   RO          869    i.main              main.o
    0x08004e2c   0x08004e2c   0x00000008   Code   RO          731    i.myabs             mortor.o
    0x08004e34   0x08004e34   0x00000054   Code   RO          475    i.oled_first_show   oled.o
    0x08004e88   0x08004e88   0x00000080   Code   RO          477    i.oled_show         oled.o
    0x08004f08   0x08004f08   0x0000004c   Code   RO         3928    i.sqrt              m_ws.l(sqrt.o)
    0x08004f54   0x08004f54   0x00000228   Data   RO          662    .constdata          oledfont.o
    0x0800517c   0x0800517c   0x000005f0   Data   RO          663    .constdata          oledfont.o
    0x0800576c   0x0800576c   0x00000010   Data   RO         3547    .constdata          system_stm32f1xx.o
    0x0800577c   0x0800577c   0x00000008   Data   RO         3548    .constdata          system_stm32f1xx.o
    0x08005784   0x08005784   0x00000004   PAD
    0x08005788   0x08005788   0x00000050   Data   RO         3582    .constdata          m_ws.l(asin.o)
    0x080057d8   0x080057d8   0x00000098   Data   RO         3900    .constdata          m_ws.l(atan.o)
    0x08005870   0x08005870   0x00000008   Data   RO         3926    .constdata          m_ws.l(qnan.o)
    0x08005878   0x08005878   0x00000020   Data   RO         3980    Region$$Table       anon$$obj.o


    Execution Region RW_IRAM1 (Exec base: 0x20000000, Load base: 0x08005898, Size: 0x00000718, Max: 0x00005000, ABSOLUTE)

    Exec Addr    Load Addr    Size         Type   Attr      Idx    E Section Name        Object

    0x20000000   0x08005898   0x00000024   Data   RW          376    .data               attitude_solution.o
    0x20000024   0x080058bc   0x00000004   Data   RW          827    .data               delay.o
    0x20000028   0x080058c0   0x00000030   Data   RW          871    .data               main.o
    0x20000058   0x080058f0   0x00000004   Data   RW          874    .data               main.o
    0x2000005c   0x080058f4   0x00000004   Data   RW          875    .data               main.o
    0x20000060   0x080058f8   0x0000000c   Data   RW         2238    .data               stm32f1xx_hal.o
    0x2000006c   0x08005904   0x00000004   Data   RW         3549    .data               system_stm32f1xx.o
    0x20000070   0x08005908   0x00000004   Data   RW         3949    .data               mc_w.l(stdout.o)
    0x20000074   0x0800590c   0x00000004   Data   RW         3961    .data               mc_w.l(errno.o)
    0x20000078        -       0x0000004c   Zero   RW          372    .bss                attitude_solution.o
    0x200000c4   0x08005910   0x00000004   PAD
    0x200000c8        -       0x000000a8   Zero   RW          870    .bss                main.o
    0x20000170        -       0x00000120   Zero   RW          965    .bss                tim.o
    0x20000290        -       0x00000088   Zero   RW         1048    .bss                usart.o
    0x20000318        -       0x00000400   Zero   RW            1    STACK               startup_stm32f103xb.o


==============================================================================

Image component sizes


      Code (inc. data)   RO Data    RW Data    ZI Data      Debug   Object Name

      1700         86          0         36         76       4356   attitude_solution.o
        98          8          0          4          0       1699   delay.o
        52          8          0          0          0        599   encoder.o
       192         12          0          0          0        907   gpio.o
       782        116          0         56        168       5330   main.o
       188          8          0          0          0       1262   mortor.o
       584         16          0          0          0     436046   mpu6050.o
       572         68          0          0          0       4582   myiic.o
      1596         96          0          0          0      10519   oled.o
         0          0       2072          0          0        553   oledfont.o
       336         12          0          0          0       2374   pid.o
        36          8        236          0       1024        780   startup_stm32f103xb.o
       164         28          0         12          0       5729   stm32f1xx_hal.o
       222         14          0          0          0      29397   stm32f1xx_hal_cortex.o
       222          4          0          0          0       1707   stm32f1xx_hal_dma.o
       490         34          0          0          0       2824   stm32f1xx_hal_gpio.o
        60          8          0          0          0        826   stm32f1xx_hal_msp.o
      1272        100          0          0          0       5068   stm32f1xx_hal_rcc.o
      2072         58          0          0          0      16759   stm32f1xx_hal_tim.o
       192         12          0          0          0       3057   stm32f1xx_hal_tim_ex.o
      1338         10          0          0          0       9392   stm32f1xx_hal_uart.o
        44         12          0          0          0       4508   stm32f1xx_it.o
         2          0         24          4          0       1055   system_stm32f1xx.o
       812         84          0          0        288       5295   tim.o
       320         38          0          0        136       2263   usart.o

    ----------------------------------------------------------------------
     13394        840       2368        112       1696     556887   Object Totals
         0          0         32          0          0          0   (incl. Generated)
        48          0          4          0          4          0   (incl. Padding)

    ----------------------------------------------------------------------

      Code (inc. data)   RO Data    RW Data    ZI Data      Debug   Library Member Name

       624         52         80          0          0        168   asin.o
       544         70        152          0          0        124   atan.o
       384         38          0          0          0        144   atan2.o
        38          6          0          0          0        272   dunder.o
        40          0          0          0          0         68   fpclassify.o
       170          0          0          0          0         96   poly.o
         0          0          8          0          0          0   qnan.o
        76          0          0          0          0         84   sqrt.o
         0          0          0          0          0          0   entry.o
         0          0          0          0          0          0   entry10a.o
         0          0          0          0          0          0   entry11a.o
         8          4          0          0          0          0   entry2.o
         4          0          0          0          0          0   entry5.o
         0          0          0          0          0          0   entry7b.o
         0          0          0          0          0          0   entry8b.o
         8          4          0          0          0          0   entry9a.o
        12          6          0          4          0         68   errno.o
        30          0          0          0          0          0   handlers.o
        36          8          0          0          0         68   init.o
         0          0          0          0          0          0   iusefp.o
        30          0          0          0          0         68   llshl.o
        36          0          0          0          0         68   llsshr.o
        32          0          0          0          0         68   llushr.o
        36          0          0          0          0        108   memseta.o
      2258         90          0          0          0        452   printfa.o
         0          0          0          4          0          0   stdout.o
        44          0          0          0          0         80   uidiv.o
        98          0          0          0          0         92   uldiv.o
        48          0          0          0          0         68   cdcmple.o
        48          0          0          0          0         68   cdrcmple.o
        56          0          0          0          0         88   d2f.o
       334          0          0          0          0        148   dadd.o
       222          0          0          0          0        100   ddiv.o
       186          0          0          0          0        176   depilogue.o
        62          0          0          0          0         80   dfixi.o
        50          0          0          0          0         76   dfixui.o
        48          0          0          0          0         68   dfixul.o
        34          0          0          0          0         76   dflti.o
       228          0          0          0          0         96   dmul.o
        46          0          0          0          0         80   dscalb.o
       162          0          0          0          0        100   dsqrt.o
        38          0          0          0          0         68   f2d.o
       176          0          0          0          0        140   fadd.o
       124          0          0          0          0         88   fdiv.o
       110          0          0          0          0        168   fepilogue.o
        50          0          0          0          0         68   ffixi.o
        18          0          0          0          0         68   fflti.o
       100          0          0          0          0         76   fmul.o
        24          0          0          0          0         68   fscalb.o

    ----------------------------------------------------------------------
      6678        278        240          8          0       3996   Library Totals
         6          0          0          0          0          0   (incl. Padding)

    ----------------------------------------------------------------------

      Code (inc. data)   RO Data    RW Data    ZI Data      Debug   Library Name

      1876        166        240          0          0        956   m_ws.l
      2632        112          0          8          0       1072   mc_w.l
      2164          0          0          0          0       1968   mf_w.l

    ----------------------------------------------------------------------
      6678        278        240          8          0       3996   Library Totals

    ----------------------------------------------------------------------

==============================================================================


      Code (inc. data)   RO Data    RW Data    ZI Data      Debug   

     20072       1118       2608        120       1696     551831   Grand Totals
     20072       1118       2608        120       1696     551831   ELF Image Totals
     20072       1118       2608        120          0          0   ROM Totals

==============================================================================

    Total RO  Size (Code + RO Data)                22680 (  22.15kB)
    Total RW  Size (RW Data + ZI Data)              1816 (   1.77kB)
    Total ROM Size (Code + RO Data + RW Data)      22800 (  22.27kB)

==============================================================================

